Archive member included to satisfy reference by file (symbol)

../skribblnios_sw_bsp/\libhal_bsp.a(alt_load.o)
                              ../skribblnios_sw_bsp//obj/HAL/src/crt0.o (alt_load)
../skribblnios_sw_bsp/\libhal_bsp.a(alt_main.o)
                              ../skribblnios_sw_bsp//obj/HAL/src/crt0.o (alt_main)
../skribblnios_sw_bsp/\libhal_bsp.a(alt_printf.o)
                              obj/default/skribblmain.o (alt_printf)
../skribblnios_sw_bsp/\libhal_bsp.a(alt_putchar.o)
                              ../skribblnios_sw_bsp/\libhal_bsp.a(alt_printf.o) (alt_putchar)
../skribblnios_sw_bsp/\libhal_bsp.a(alt_sys_init.o)
                              ../skribblnios_sw_bsp/\libhal_bsp.a(alt_main.o) (alt_irq_init)
../skribblnios_sw_bsp/\libhal_bsp.a(altera_avalon_jtag_uart_fd.o)
                              ../skribblnios_sw_bsp/\libhal_bsp.a(alt_sys_init.o) (altera_avalon_jtag_uart_read_fd)
../skribblnios_sw_bsp/\libhal_bsp.a(altera_avalon_jtag_uart_init.o)
                              ../skribblnios_sw_bsp/\libhal_bsp.a(alt_sys_init.o) (altera_avalon_jtag_uart_init)
../skribblnios_sw_bsp/\libhal_bsp.a(altera_avalon_jtag_uart_ioctl.o)
                              ../skribblnios_sw_bsp/\libhal_bsp.a(altera_avalon_jtag_uart_fd.o) (altera_avalon_jtag_uart_ioctl)
../skribblnios_sw_bsp/\libhal_bsp.a(altera_avalon_jtag_uart_read.o)
                              ../skribblnios_sw_bsp/\libhal_bsp.a(altera_avalon_jtag_uart_fd.o) (altera_avalon_jtag_uart_read)
../skribblnios_sw_bsp/\libhal_bsp.a(altera_avalon_jtag_uart_write.o)
                              ../skribblnios_sw_bsp/\libhal_bsp.a(altera_avalon_jtag_uart_fd.o) (altera_avalon_jtag_uart_write)
../skribblnios_sw_bsp/\libhal_bsp.a(altera_avalon_timer_sc.o)
                              ../skribblnios_sw_bsp/\libhal_bsp.a(alt_sys_init.o) (alt_avalon_timer_sc_init)
../skribblnios_sw_bsp/\libhal_bsp.a(altera_up_avalon_accelerometer_spi.o)
                              obj/default/skribblmain.o (alt_up_accelerometer_spi_open_dev)
../skribblnios_sw_bsp/\libhal_bsp.a(alt_alarm_start.o)
                              ../skribblnios_sw_bsp/\libhal_bsp.a(altera_avalon_jtag_uart_init.o) (alt_alarm_start)
../skribblnios_sw_bsp/\libhal_bsp.a(alt_close.o)
                              ../skribblnios_sw_bsp/\libhal_bsp.a(alt_main.o) (close)
../skribblnios_sw_bsp/\libhal_bsp.a(alt_dcache_flush_all.o)
                              ../skribblnios_sw_bsp/\libhal_bsp.a(alt_load.o) (alt_dcache_flush_all)
../skribblnios_sw_bsp/\libhal_bsp.a(alt_dev.o)
                              ../skribblnios_sw_bsp/\libhal_bsp.a(alt_sys_init.o) (alt_dev_list)
../skribblnios_sw_bsp/\libhal_bsp.a(alt_dev_llist_insert.o)
                              ../skribblnios_sw_bsp/\libhal_bsp.a(alt_sys_init.o) (alt_dev_llist_insert)
../skribblnios_sw_bsp/\libhal_bsp.a(alt_do_ctors.o)
                              ../skribblnios_sw_bsp/\libhal_bsp.a(alt_main.o) (_do_ctors)
../skribblnios_sw_bsp/\libhal_bsp.a(alt_do_dtors.o)
                              ../skribblnios_sw_bsp/\libhal_bsp.a(alt_main.o) (_do_dtors)
../skribblnios_sw_bsp/\libhal_bsp.a(alt_errno.o)
                              ../skribblnios_sw_bsp/\libhal_bsp.a(alt_close.o) (alt_errno)
../skribblnios_sw_bsp/\libhal_bsp.a(alt_find_dev.o)
                              ../skribblnios_sw_bsp/\libhal_bsp.a(altera_up_avalon_accelerometer_spi.o) (alt_find_dev)
../skribblnios_sw_bsp/\libhal_bsp.a(alt_icache_flush_all.o)
                              ../skribblnios_sw_bsp/\libhal_bsp.a(alt_load.o) (alt_icache_flush_all)
../skribblnios_sw_bsp/\libhal_bsp.a(alt_io_redirect.o)
                              ../skribblnios_sw_bsp/\libhal_bsp.a(alt_main.o) (alt_io_redirect)
../skribblnios_sw_bsp/\libhal_bsp.a(alt_irq_register.o)
                              ../skribblnios_sw_bsp/\libhal_bsp.a(altera_avalon_jtag_uart_init.o) (alt_irq_register)
../skribblnios_sw_bsp/\libhal_bsp.a(alt_irq_vars.o)
                              ../skribblnios_sw_bsp/\libhal_bsp.a(alt_irq_register.o) (alt_irq_active)
../skribblnios_sw_bsp/\libhal_bsp.a(alt_open.o)
                              ../skribblnios_sw_bsp/\libhal_bsp.a(alt_io_redirect.o) (open)
../skribblnios_sw_bsp/\libhal_bsp.a(alt_release_fd.o)
                              ../skribblnios_sw_bsp/\libhal_bsp.a(alt_close.o) (alt_release_fd)
../skribblnios_sw_bsp/\libhal_bsp.a(alt_tick.o)
                              ../skribblnios_sw_bsp/\libhal_bsp.a(altera_avalon_jtag_uart_init.o) (_alt_tick_rate)
../skribblnios_sw_bsp/\libhal_bsp.a(altera_nios2_gen2_irq.o)
                              ../skribblnios_sw_bsp/\libhal_bsp.a(alt_sys_init.o) (altera_nios2_gen2_irq_init)
../skribblnios_sw_bsp/\libhal_bsp.a(alt_find_file.o)
                              ../skribblnios_sw_bsp/\libhal_bsp.a(alt_open.o) (alt_find_file)
../skribblnios_sw_bsp/\libhal_bsp.a(alt_get_fd.o)
                              ../skribblnios_sw_bsp/\libhal_bsp.a(alt_open.o) (alt_get_fd)
[...]
Memory Configuration

Name             Origin             Length             Attributes
reset            0x0000000000010000 0x0000000000000020
onchip_memory    0x0000000000010020 0x000000000000ffe0
*default*        0x0000000000000000 0xffffffffffffffff

Linker script and memory map

LOAD ../skribblnios_sw_bsp//obj/HAL/src/crt0.o
LOAD obj/default/skribblmain.o
LOAD c:/intelfpga_lite/18.0/nios2eds/bin/gnu/h-x86_64-mingw32/bin/../lib/gcc/nios2-elf/5.3.0/../../../../../H-x86_64-mingw32/nios2-elf/lib\libstdc++.a
LOAD c:/intelfpga_lite/18.0/nios2eds/bin/gnu/h-x86_64-mingw32/bin/../lib/gcc/nios2-elf/5.3.0/../../../../../H-x86_64-mingw32/nios2-elf/lib\libm.a
LOAD c:/intelfpga_lite/18.0/nios2eds/bin/gnu/h-x86_64-mingw32/bin/../lib/gcc/nios2-elf/5.3.0\libgcc.a
START GROUP
LOAD c:/intelfpga_lite/18.0/nios2eds/bin/gnu/h-x86_64-mingw32/bin/../lib/gcc/nios2-elf/5.3.0/../../../../../H-x86_64-mingw32/nios2-elf/lib\libc.a
LOAD c:/intelfpga_lite/18.0/nios2eds/bin/gnu/h-x86_64-mingw32/bin/../lib/gcc/nios2-elf/5.3.0\libgcc.a
LOAD ../skribblnios_sw_bsp/\libhal_bsp.a
LOAD c:/intelfpga_lite/18.0/nios2eds/bin/gnu/h-x86_64-mingw32/bin/../lib/gcc/nios2-elf/5.3.0/../../../../../H-x86_64-mingw32/nios2-elf/lib\libm.a
END GROUP
LOAD c:/intelfpga_lite/18.0/nios2eds/bin/gnu/h-x86_64-mingw32/bin/../lib/gcc/nios2-elf/5.3.0\libgcc.a
                0x0000000000010000                __alt_mem_onchip_memory = 0x10000

.entry          0x0000000000010000       0x20
 *(.entry)
 .entry         0x0000000000010000       0x20 ../skribblnios_sw_bsp//obj/HAL/src/crt0.o
                0x0000000000010000                __reset

.exceptions     0x0000000000010020      0x228
                0x0000000000010020                PROVIDE (__ram_exceptions_start, ABSOLUTE (.))
                0x0000000000010020                . = ALIGN (0x20)
 *(.irq)
 *(.exceptions.entry.label)
 .exceptions.entry.label
                0x0000000000010020        0x0 ../skribblnios_sw_bsp/\libhal_bsp.a(alt_irq_entry.o)
                0x0000000000010020                alt_irq_entry
 .exceptions.entry.label
                0x0000000000010020        0x0 ../skribblnios_sw_bsp/\libhal_bsp.a(alt_exception_entry.o)
                0x0000000000010020                alt_exception
 *(.exceptions.entry.user)
 *(.exceptions.entry.ecc_fatal)
 *(.exceptions.entry)
 .exceptions.entry
                0x0000000000010020       0x54 ../skribblnios_sw_bsp/\libhal_bsp.a(alt_exception_entry.o)
 *(.exceptions.irqtest.user)
 *(.exceptions.irqtest)
 .exceptions.irqtest
                0x0000000000010074       0x10 ../skribblnios_sw_bsp/\libhal_bsp.a(alt_irq_entry.o)
 *(.exceptions.irqhandler.user)
 *(.exceptions.irqhandler)
 .exceptions.irqhandler
                0x0000000000010084        0x4 ../skribblnios_sw_bsp/\libhal_bsp.a(alt_irq_entry.o)
 *(.exceptions.irqreturn.user)
 *(.exceptions.irqreturn)
 .exceptions.irqreturn
                0x0000000000010088        0x4 ../skribblnios_sw_bsp/\libhal_bsp.a(alt_irq_entry.o)
 *(.exceptions.notirq.label)
 .exceptions.notirq.label
                0x000000000001008c        0x0 ../skribblnios_sw_bsp/\libhal_bsp.a(alt_irq_entry.o)
 *(.exceptions.notirq.user)
 *(.exceptions.notirq)
 .exceptions.notirq
                0x000000000001008c        0x8 ../skribblnios_sw_bsp/\libhal_bsp.a(alt_exception_entry.o)
 *(.exceptions.soft.user)
 *(.exceptions.soft)
 *(.exceptions.unknown.user)
 *(.exceptions.unknown)
 .exceptions.unknown
                0x0000000000010094       0x14 ../skribblnios_sw_bsp/\libhal_bsp.a(alt_exception_entry.o)
 *(.exceptions.exit.label)
 .exceptions.exit.label
                0x00000000000100a8        0x0 ../skribblnios_sw_bsp/\libhal_bsp.a(alt_irq_entry.o)
 .exceptions.exit.label
                0x00000000000100a8        0x0 ../skribblnios_sw_bsp/\libhal_bsp.a(alt_exception_entry.o)
 *(.exceptions.exit.user)
 *(.exceptions.exit)
 .exceptions.exit
                0x00000000000100a8       0x54 ../skribblnios_sw_bsp/\libhal_bsp.a(alt_exception_entry.o)
 *(.exceptions)
 .exceptions    0x00000000000100fc       0xd8 ../skribblnios_sw_bsp/\libhal_bsp.a(alt_irq_handler.o)
                0x00000000000100fc                alt_irq_handler
 .exceptions    0x00000000000101d4       0x74 ../skribblnios_sw_bsp/\libhal_bsp.a(alt_instruction_exception_entry.o)
                0x00000000000101d4                alt_instruction_exception_entry
                0x0000000000010248                PROVIDE (__ram_exceptions_end, ABSOLUTE (.))
                0x0000000000010020                PROVIDE (__flash_exceptions_start, LOADADDR (.exceptions))

.text           0x0000000000010248     0x4f64
                [!provide]                        PROVIDE (stext, ABSOLUTE (.))
 *(.interp)
 *(.hash)
 *(.dynsym)
 *(.dynstr)
 *(.gnu.version)
 *(.gnu.version_d)
 *(.gnu.version_r)
 *(.rel.init)
 *(.rela.init)
 *(.rel.text .rel.text.* .rel.gnu.linkonce.t.*)
 *(.rela.text .rela.text.* .rela.gnu.linkonce.t.*)
 *(.rel.fini)
 *(.rela.fini)
 *(.rel.rodata .rel.rodata.* .rel.gnu.linkonce.r.*)
 *(.rela.rodata .rela.rodata.* .rela.gnu.linkonce.r.*)
 *(.rel.data .rel.data.* .rel.gnu.linkonce.d.*)
 *(.rela.data .rela.data.* .rela.gnu.linkonce.d.*)
 *(.rel.tdata .rel.tdata.* .rel.gnu.linkonce.td.*)
 *(.rela.tdata .rela.tdata.* .rela.gnu.linkonce.td.*)
 *(.rel.tbss .rel.tbss.* .rel.gnu.linkonce.tb.*)
 *(.rela.tbss .rela.tbss.* .rela.gnu.linkonce.tb.*)
 *(.rel.ctors)
 *(.rela.ctors)
 *(.rel.dtors)
 *(.rela.dtors)
 *(.rel.got)
 *(.rela.got)
 *(.rel.sdata .rel.sdata.* .rel.gnu.linkonce.s.*)
 *(.rela.sdata .rela.sdata.* .rela.gnu.linkonce.s.*)
 *(.rel.sbss .rel.sbss.* .rel.gnu.linkonce.sb.*)
 *(.rela.sbss .rela.sbss.* .rela.gnu.linkonce.sb.*)
 *(.rel.sdata2 .rel.sdata2.* .rel.gnu.linkonce.s2.*)
 *(.rela.sdata2 .rela.sdata2.* .rela.gnu.linkonce.s2.*)
 *(.rel.sbss2 .rel.sbss2.* .rel.gnu.linkonce.sb2.*)
 *(.rela.sbss2 .rela.sbss2.* .rela.gnu.linkonce.sb2.*)
 *(.rel.bss .rel.bss.* .rel.gnu.linkonce.b.*)
 *(.rela.bss .rela.bss.* .rela.gnu.linkonce.b.*)
 *(.rel.plt)
 *(.rela.plt)
 *(.rel.dyn)
 *(.init)
 *(.plt)
 *(.text .stub .text.* .gnu.linkonce.t.*)
 .text          0x0000000000010248       0x4c ../skribblnios_sw_bsp//obj/HAL/src/crt0.o
                0x0000000000010248                _start
 .text          0x0000000000010294       0xd4 obj/default/skribblmain.o
                0x0000000000010294                led_write
                0x00000000000102cc                main
 .text          0x0000000000010368       0xec ../skribblnios_sw_bsp/\libhal_bsp.a(alt_load.o)
                0x00000000000103d0                alt_load
 .text          0x0000000000010454       0x7c ../skribblnios_sw_bsp/\libhal_bsp.a(alt_main.o)
                0x0000000000010454                alt_main
 .text          0x00000000000104d0      0x22c ../skribblnios_sw_bsp/\libhal_bsp.a(alt_printf.o)
                0x00000000000104d0                alt_printf
 .text          0x00000000000106fc       0x3c ../skribblnios_sw_bsp/\libhal_bsp.a(alt_putchar.o)
                0x00000000000106fc                alt_putchar
 .text          0x0000000000010738       0xd8 ../skribblnios_sw_bsp/\libhal_bsp.a(alt_sys_init.o)
                0x000000000001076c                alt_irq_init
                0x00000000000107a4                alt_sys_init
 .text          0x0000000000010810      0x164 ../skribblnios_sw_bsp/\libhal_bsp.a(altera_avalon_jtag_uart_fd.o)
                0x0000000000010810                altera_avalon_jtag_uart_read_fd
                0x0000000000010870                altera_avalon_jtag_uart_write_fd
                0x00000000000108d0                altera_avalon_jtag_uart_close_fd
                0x0000000000010920                altera_avalon_jtag_uart_ioctl_fd
 .text          0x0000000000010974      0x3cc ../skribblnios_sw_bsp/\libhal_bsp.a(altera_avalon_jtag_uart_init.o)
                0x0000000000010974                altera_avalon_jtag_uart_init
                0x0000000000010cd8                altera_avalon_jtag_uart_close
 .text          0x0000000000010d40       0xf0 ../skribblnios_sw_bsp/\libhal_bsp.a(altera_avalon_jtag_uart_ioctl.o)
                0x0000000000010d40                altera_avalon_jtag_uart_ioctl
 .text          0x0000000000010e30      0x21c ../skribblnios_sw_bsp/\libhal_bsp.a(altera_avalon_jtag_uart_read.o)
                0x0000000000010e30                altera_avalon_jtag_uart_read
 .text          0x000000000001104c      0x224 ../skribblnios_sw_bsp/\libhal_bsp.a(altera_avalon_jtag_uart_write.o)
                0x000000000001104c                altera_avalon_jtag_uart_write
 .text          0x0000000000011270       0xf0 ../skribblnios_sw_bsp/\libhal_bsp.a(altera_avalon_timer_sc.o)
                0x00000000000112ec                alt_avalon_timer_sc_init
 .text          0x0000000000011360      0x3b0 ../skribblnios_sw_bsp/\libhal_bsp.a(altera_up_avalon_accelerometer_spi.o)
                0x0000000000011360                alt_up_accelerometer_spi_open_dev
                0x000000000001139c                alt_up_accelerometer_spi_read_address_register
                0x00000000000113e0                alt_up_accelerometer_spi_read
                0x0000000000011448                alt_up_accelerometer_spi_write
                0x00000000000114ac                alt_up_accelerometer_spi_read_x_axis
                0x0000000000011578                alt_up_accelerometer_spi_read_y_axis
                0x0000000000011644                alt_up_accelerometer_spi_read_z_axis
 .text          0x0000000000011710      0x12c ../skribblnios_sw_bsp/\libhal_bsp.a(alt_alarm_start.o)
                0x0000000000011710                alt_alarm_start
 .text          0x000000000001183c      0x10c ../skribblnios_sw_bsp/\libhal_bsp.a(alt_close.o)
                0x0000000000011878                close
 .text          0x0000000000011948       0x48 ../skribblnios_sw_bsp/\libhal_bsp.a(alt_dcache_flush_all.o)
                0x0000000000011948                alt_dcache_flush_all
 .text          0x0000000000011990       0x2c ../skribblnios_sw_bsp/\libhal_bsp.a(alt_dev.o)
 .text          0x00000000000119bc       0xe0 ../skribblnios_sw_bsp/\libhal_bsp.a(alt_dev_llist_insert.o)
                0x00000000000119f8                alt_dev_llist_insert
 .text          0x0000000000011a9c       0x60 ../skribblnios_sw_bsp/\libhal_bsp.a(alt_do_ctors.o)
                0x0000000000011a9c                _do_ctors
 .text          0x0000000000011afc       0x60 ../skribblnios_sw_bsp/\libhal_bsp.a(alt_do_dtors.o)
                0x0000000000011afc                _do_dtors
 .text          0x0000000000011b5c        0x0 ../skribblnios_sw_bsp/\libhal_bsp.a(alt_errno.o)
 .text          0x0000000000011b5c       0x90 ../skribblnios_sw_bsp/\libhal_bsp.a(alt_find_dev.o)
                0x0000000000011b5c                alt_find_dev
 .text          0x0000000000011bec       0x34 ../skribblnios_sw_bsp/\libhal_bsp.a(alt_icache_flush_all.o)
                0x0000000000011bec                alt_icache_flush_all
 .text          0x0000000000011c20      0x140 ../skribblnios_sw_bsp/\libhal_bsp.a(alt_io_redirect.o)
                0x0000000000011ce4                alt_io_redirect
 .text          0x0000000000011d60      0x180 ../skribblnios_sw_bsp/\libhal_bsp.a(alt_irq_register.o)
                0x0000000000011d60                alt_irq_register
 .text          0x0000000000011ee0        0x0 ../skribblnios_sw_bsp/\libhal_bsp.a(alt_irq_vars.o)
 .text          0x0000000000011ee0      0x254 ../skribblnios_sw_bsp/\libhal_bsp.a(alt_open.o)
                0x0000000000011fe0                open
 .text          0x0000000000012134       0x64 ../skribblnios_sw_bsp/\libhal_bsp.a(alt_release_fd.o)
                0x0000000000012134                alt_release_fd
 .text          0x0000000000012198      0x1a4 ../skribblnios_sw_bsp/\libhal_bsp.a(alt_tick.o)
                0x0000000000012198                alt_alarm_stop
                0x0000000000012234                alt_tick
 .text          0x000000000001233c       0x24 ../skribblnios_sw_bsp/\libhal_bsp.a(altera_nios2_gen2_irq.o)
                0x000000000001233c                altera_nios2_gen2_irq_init
 .text          0x0000000000012360      0x108 ../skribblnios_sw_bsp/\libhal_bsp.a(alt_find_file.o)
                0x0000000000012360                alt_find_file
 .text          0x0000000000012468       0xa4 ../skribblnios_sw_bsp/\libhal_bsp.a(alt_get_fd.o)
                0x0000000000012468                alt_get_fd
 .text          0x000000000001250c       0x90 ../skribblnios_sw_bsp/\libhal_bsp.a(alt_icache_flush.o)
                0x000000000001250c                alt_icache_flush
 .text          0x000000000001259c        0x0 ../skribblnios_sw_bsp/\libhal_bsp.a(alt_irq_entry.o)
 .text          0x000000000001259c        0x0 ../skribblnios_sw_bsp/\libhal_bsp.a(alt_irq_handler.o)
 .text          0x000000000001259c        0x0 ../skribblnios_sw_bsp/\libhal_bsp.a(alt_exception_entry.o)
 .text          0x000000000001259c       0x9c ../skribblnios_sw_bsp/\libhal_bsp.a(alt_instruction_exception_entry.o)
                0x000000000001259c                alt_exception_cause_generated_bad_addr
 .text          0x0000000000012638        0x0 c:/intelfpga_lite/18.0/nios2eds/bin/gnu/h-x86_64-mingw32/bin/../lib/gcc/nios2-elf/5.3.0/../../../../../H-x86_64-mingw32/nios2-elf/lib\libc.a(lib_a-atexit.o)
 .text.atexit   0x0000000000012638       0x14 c:/intelfpga_lite/18.0/nios2eds/bin/gnu/h-x86_64-mingw32/bin/../lib/gcc/nios2-elf/5.3.0/../../../../../H-x86_64-mingw32/nios2-elf/lib\libc.a(lib_a-atexit.o)
                0x0000000000012638                atexit
 .text          0x000000000001264c        0x0 c:/intelfpga_lite/18.0/nios2eds/bin/gnu/h-x86_64-mingw32/bin/../lib/gcc/nios2-elf/5.3.0/../../../../../H-x86_64-mingw32/nios2-elf/lib\libc.a(lib_a-exit.o)
 .text.exit     0x000000000001264c       0x38 c:/intelfpga_lite/18.0/nios2eds/bin/gnu/h-x86_64-mingw32/bin/../lib/gcc/nios2-elf/5.3.0/../../../../../H-x86_64-mingw32/nios2-elf/lib\libc.a(lib_a-exit.o)
                0x000000000001264c                exit
 .text          0x0000000000012684        0x0 c:/intelfpga_lite/18.0/nios2eds/bin/gnu/h-x86_64-mingw32/bin/../lib/gcc/nios2-elf/5.3.0/../../../../../H-x86_64-mingw32/nios2-elf/lib\libc.a(lib_a-impure.o)
 .text          0x0000000000012684        0x0 c:/intelfpga_lite/18.0/nios2eds/bin/gnu/h-x86_64-mingw32/bin/../lib/gcc/nios2-elf/5.3.0/../../../../../H-x86_64-mingw32/nios2-elf/lib\libc.a(lib_a-int_errno.o)
 .text          0x0000000000012684        0x0 c:/intelfpga_lite/18.0/nios2eds/bin/gnu/h-x86_64-mingw32/bin/../lib/gcc/nios2-elf/5.3.0/../../../../../H-x86_64-mingw32/nios2-elf/lib\libc.a(lib_a-memcmp.o)
 .text.memcmp   0x0000000000012684       0x7c c:/intelfpga_lite/18.0/nios2eds/bin/gnu/h-x86_64-mingw32/bin/../lib/gcc/nios2-elf/5.3.0/../../../../../H-x86_64-mingw32/nios2-elf/lib\libc.a(lib_a-memcmp.o)
                0x0000000000012684                memcmp
 .text          0x0000000000012700        0x0 c:/intelfpga_lite/18.0/nios2eds/bin/gnu/h-x86_64-mingw32/bin/../lib/gcc/nios2-elf/5.3.0/../../../../../H-x86_64-mingw32/nios2-elf/lib\libc.a(lib_a-memcpy.o)
 .text.memcpy   0x0000000000012700      0x148 c:/intelfpga_lite/18.0/nios2eds/bin/gnu/h-x86_64-mingw32/bin/../lib/gcc/nios2-elf/5.3.0/../../../../../H-x86_64-mingw32/nios2-elf/lib\libc.a(lib_a-memcpy.o)
                0x0000000000012700                memcpy
 .text          0x0000000000012848        0x0 c:/intelfpga_lite/18.0/nios2eds/bin/gnu/h-x86_64-mingw32/bin/../lib/gcc/nios2-elf/5.3.0/../../../../../H-x86_64-mingw32/nios2-elf/lib\libc.a(lib_a-putc.o)
 .text._putc_r  0x0000000000012848       0xa0 c:/intelfpga_lite/18.0/nios2eds/bin/gnu/h-x86_64-mingw32/bin/../lib/gcc/nios2-elf/5.3.0/../../../../../H-x86_64-mingw32/nios2-elf/lib\libc.a(lib_a-putc.o)
                0x0000000000012848                _putc_r
 .text.putc     0x00000000000128e8       0xc8 c:/intelfpga_lite/18.0/nios2eds/bin/gnu/h-x86_64-mingw32/bin/../lib/gcc/nios2-elf/5.3.0/../../../../../H-x86_64-mingw32/nios2-elf/lib\libc.a(lib_a-putc.o)
                0x00000000000128e8                putc
 .text          0x00000000000129b0        0x0 c:/intelfpga_lite/18.0/nios2eds/bin/gnu/h-x86_64-mingw32/bin/../lib/gcc/nios2-elf/5.3.0/../../../../../H-x86_64-mingw32/nios2-elf/lib\libc.a(lib_a-strlen.o)
 .text.strlen   0x00000000000129b0       0x98 c:/intelfpga_lite/18.0/nios2eds/bin/gnu/h-x86_64-mingw32/bin/../lib/gcc/nios2-elf/5.3.0/../../../../../H-x86_64-mingw32/nios2-elf/lib\libc.a(lib_a-strlen.o)
                0x00000000000129b0                strlen
 .text          0x0000000000012a48        0x0 c:/intelfpga_lite/18.0/nios2eds/bin/gnu/h-x86_64-mingw32/bin/../lib/gcc/nios2-elf/5.3.0/../../../../../H-x86_64-mingw32/nios2-elf/lib\libc.a(lib_a-wbuf.o)
 .text.__swbuf_r
                0x0000000000012a48      0x140 c:/intelfpga_lite/18.0/nios2eds/bin/gnu/h-x86_64-mingw32/bin/../lib/gcc/nios2-elf/5.3.0/../../../../../H-x86_64-mingw32/nios2-elf/lib\libc.a(lib_a-wbuf.o)
                0x0000000000012a48                __swbuf_r
 .text.__swbuf  0x0000000000012b88       0x18 c:/intelfpga_lite/18.0/nios2eds/bin/gnu/h-x86_64-mingw32/bin/../lib/gcc/nios2-elf/5.3.0/../../../../../H-x86_64-mingw32/nios2-elf/lib\libc.a(lib_a-wbuf.o)
                0x0000000000012b88                __swbuf
 .text          0x0000000000012ba0        0x0 c:/intelfpga_lite/18.0/nios2eds/bin/gnu/h-x86_64-mingw32/bin/../lib/gcc/nios2-elf/5.3.0/../../../../../H-x86_64-mingw32/nios2-elf/lib\libc.a(lib_a-wsetup.o)
 .text.__swsetup_r
                0x0000000000012ba0      0x154 c:/intelfpga_lite/18.0/nios2eds/bin/gnu/h-x86_64-mingw32/bin/../lib/gcc/nios2-elf/5.3.0/../../../../../H-x86_64-mingw32/nios2-elf/lib\libc.a(lib_a-wsetup.o)
                0x0000000000012ba0                __swsetup_r
 .text          0x0000000000012cf4        0x0 c:/intelfpga_lite/18.0/nios2eds/bin/gnu/h-x86_64-mingw32/bin/../lib/gcc/nios2-elf/5.3.0/../../../../../H-x86_64-mingw32/nios2-elf/lib\libc.a(lib_a-__atexit.o)
 .text.__register_exitproc
                0x0000000000012cf4      0x118 c:/intelfpga_lite/18.0/nios2eds/bin/gnu/h-x86_64-mingw32/bin/../lib/gcc/nios2-elf/5.3.0/../../../../../H-x86_64-mingw32/nios2-elf/lib\libc.a(lib_a-__atexit.o)
                0x0000000000012cf4                __register_exitproc
 .text          0x0000000000012e0c        0x0 c:/intelfpga_lite/18.0/nios2eds/bin/gnu/h-x86_64-mingw32/bin/../lib/gcc/nios2-elf/5.3.0/../../../../../H-x86_64-mingw32/nios2-elf/lib\libc.a(lib_a-__call_atexit.o)
 .text.__call_exitprocs
                0x0000000000012e0c      0x180 c:/intelfpga_lite/18.0/nios2eds/bin/gnu/h-x86_64-mingw32/bin/../lib/gcc/nios2-elf/5.3.0/../../../../../H-x86_64-mingw32/nios2-elf/lib\libc.a(lib_a-__call_atexit.o)
                0x0000000000012e0c                __call_exitprocs
 .text          0x0000000000012f8c        0x0 c:/intelfpga_lite/18.0/nios2eds/bin/gnu/h-x86_64-mingw32/bin/../lib/gcc/nios2-elf/5.3.0/../../../../../H-x86_64-mingw32/nios2-elf/lib\libc.a(lib_a-fflush.o)
 .text.__sflush_r
                0x0000000000012f8c      0x21c c:/intelfpga_lite/18.0/nios2eds/bin/gnu/h-x86_64-mingw32/bin/../lib/gcc/nios2-elf/5.3.0/../../../../../H-x86_64-mingw32/nios2-elf/lib\libc.a(lib_a-fflush.o)
                0x0000000000012f8c                __sflush_r
 .text._fflush_r
                0x00000000000131a8       0x5c c:/intelfpga_lite/18.0/nios2eds/bin/gnu/h-x86_64-mingw32/bin/../lib/gcc/nios2-elf/5.3.0/../../../../../H-x86_64-mingw32/nios2-elf/lib\libc.a(lib_a-fflush.o)
                0x00000000000131a8                _fflush_r
 .text.fflush   0x0000000000013204       0x30 c:/intelfpga_lite/18.0/nios2eds/bin/gnu/h-x86_64-mingw32/bin/../lib/gcc/nios2-elf/5.3.0/../../../../../H-x86_64-mingw32/nios2-elf/lib\libc.a(lib_a-fflush.o)
                0x0000000000013204                fflush
 .text          0x0000000000013234        0x0 c:/intelfpga_lite/18.0/nios2eds/bin/gnu/h-x86_64-mingw32/bin/../lib/gcc/nios2-elf/5.3.0/../../../../../H-x86_64-mingw32/nios2-elf/lib\libc.a(lib_a-findfp.o)
 .text.__fp_unlock
                0x0000000000013234        0x8 c:/intelfpga_lite/18.0/nios2eds/bin/gnu/h-x86_64-mingw32/bin/../lib/gcc/nios2-elf/5.3.0/../../../../../H-x86_64-mingw32/nios2-elf/lib\libc.a(lib_a-findfp.o)
 .text._cleanup_r
                0x000000000001323c        0xc c:/intelfpga_lite/18.0/nios2eds/bin/gnu/h-x86_64-mingw32/bin/../lib/gcc/nios2-elf/5.3.0/../../../../../H-x86_64-mingw32/nios2-elf/lib\libc.a(lib_a-findfp.o)
                0x000000000001323c                _cleanup_r
 .text.__sinit.part.1
                0x0000000000013248      0x19c c:/intelfpga_lite/18.0/nios2eds/bin/gnu/h-x86_64-mingw32/bin/../lib/gcc/nios2-elf/5.3.0/../../../../../H-x86_64-mingw32/nios2-elf/lib\libc.a(lib_a-findfp.o)
 .text.__fp_lock
                0x00000000000133e4        0x8 c:/intelfpga_lite/18.0/nios2eds/bin/gnu/h-x86_64-mingw32/bin/../lib/gcc/nios2-elf/5.3.0/../../../../../H-x86_64-mingw32/nios2-elf/lib\libc.a(lib_a-findfp.o)
 .text.__sfmoreglue
                0x00000000000133ec       0x68 c:/intelfpga_lite/18.0/nios2eds/bin/gnu/h-x86_64-mingw32/bin/../lib/gcc/nios2-elf/5.3.0/../../../../../H-x86_64-mingw32/nios2-elf/lib\libc.a(lib_a-findfp.o)
                0x00000000000133ec                __sfmoreglue
 .text.__sfp    0x0000000000013454      0x118 c:/intelfpga_lite/18.0/nios2eds/bin/gnu/h-x86_64-mingw32/bin/../lib/gcc/nios2-elf/5.3.0/../../../../../H-x86_64-mingw32/nios2-elf/lib\libc.a(lib_a-findfp.o)
                0x0000000000013454                __sfp
 .text._cleanup
                0x000000000001356c       0x18 c:/intelfpga_lite/18.0/nios2eds/bin/gnu/h-x86_64-mingw32/bin/../lib/gcc/nios2-elf/5.3.0/../../../../../H-x86_64-mingw32/nios2-elf/lib\libc.a(lib_a-findfp.o)
                0x000000000001356c                _cleanup
 .text.__sinit  0x0000000000013584       0x10 c:/intelfpga_lite/18.0/nios2eds/bin/gnu/h-x86_64-mingw32/bin/../lib/gcc/nios2-elf/5.3.0/../../../../../H-x86_64-mingw32/nios2-elf/lib\libc.a(lib_a-findfp.o)
                0x0000000000013584                __sinit
 .text.__sfp_lock_acquire
                0x0000000000013594        0x4 c:/intelfpga_lite/18.0/nios2eds/bin/gnu/h-x86_64-mingw32/bin/../lib/gcc/nios2-elf/5.3.0/../../../../../H-x86_64-mingw32/nios2-elf/lib\libc.a(lib_a-findfp.o)
                0x0000000000013594                __sfp_lock_acquire
 .text.__sfp_lock_release
                0x0000000000013598        0x4 c:/intelfpga_lite/18.0/nios2eds/bin/gnu/h-x86_64-mingw32/bin/../lib/gcc/nios2-elf/5.3.0/../../../../../H-x86_64-mingw32/nios2-elf/lib\libc.a(lib_a-findfp.o)
                0x0000000000013598                __sfp_lock_release
 .text.__sinit_lock_acquire
                0x000000000001359c        0x4 c:/intelfpga_lite/18.0/nios2eds/bin/gnu/h-x86_64-mingw32/bin/../lib/gcc/nios2-elf/5.3.0/../../../../../H-x86_64-mingw32/nios2-elf/lib\libc.a(lib_a-findfp.o)
                0x000000000001359c                __sinit_lock_acquire
 .text.__sinit_lock_release
                0x00000000000135a0        0x4 c:/intelfpga_lite/18.0/nios2eds/bin/gnu/h-x86_64-mingw32/bin/../lib/gcc/nios2-elf/5.3.0/../../../../../H-x86_64-mingw32/nios2-elf/lib\libc.a(lib_a-findfp.o)
                0x00000000000135a0                __sinit_lock_release
 .text.__fp_lock_all
                0x00000000000135a4       0x18 c:/intelfpga_lite/18.0/nios2eds/bin/gnu/h-x86_64-mingw32/bin/../lib/gcc/nios2-elf/5.3.0/../../../../../H-x86_64-mingw32/nios2-elf/lib\libc.a(lib_a-findfp.o)
                0x00000000000135a4                __fp_lock_all
 .text.__fp_unlock_all
                0x00000000000135bc       0x18 c:/intelfpga_lite/18.0/nios2eds/bin/gnu/h-x86_64-mingw32/bin/../lib/gcc/nios2-elf/5.3.0/../../../../../H-x86_64-mingw32/nios2-elf/lib\libc.a(lib_a-findfp.o)
                0x00000000000135bc                __fp_unlock_all
 .text          0x00000000000135d4        0x0 c:/intelfpga_lite/18.0/nios2eds/bin/gnu/h-x86_64-mingw32/bin/../lib/gcc/nios2-elf/5.3.0/../../../../../H-x86_64-mingw32/nios2-elf/lib\libc.a(lib_a-freer.o)
 .text._malloc_trim_r
                0x00000000000135d4      0x124 c:/intelfpga_lite/18.0/nios2eds/bin/gnu/h-x86_64-mingw32/bin/../lib/gcc/nios2-elf/5.3.0/../../../../../H-x86_64-mingw32/nios2-elf/lib\libc.a(lib_a-freer.o)
                0x00000000000135d4                _malloc_trim_r
 .text._free_r  0x00000000000136f8      0x310 c:/intelfpga_lite/18.0/nios2eds/bin/gnu/h-x86_64-mingw32/bin/../lib/gcc/nios2-elf/5.3.0/../../../../../H-x86_64-mingw32/nios2-elf/lib\libc.a(lib_a-freer.o)
                0x00000000000136f8                _free_r
 .text          0x0000000000013a08        0x0 c:/intelfpga_lite/18.0/nios2eds/bin/gnu/h-x86_64-mingw32/bin/../lib/gcc/nios2-elf/5.3.0/../../../../../H-x86_64-mingw32/nios2-elf/lib\libc.a(lib_a-fwalk.o)
 .text._fwalk   0x0000000000013a08       0xc4 c:/intelfpga_lite/18.0/nios2eds/bin/gnu/h-x86_64-mingw32/bin/../lib/gcc/nios2-elf/5.3.0/../../../../../H-x86_64-mingw32/nios2-elf/lib\libc.a(lib_a-fwalk.o)
                0x0000000000013a08                _fwalk
 .text._fwalk_reent
                0x0000000000013acc       0xc4 c:/intelfpga_lite/18.0/nios2eds/bin/gnu/h-x86_64-mingw32/bin/../lib/gcc/nios2-elf/5.3.0/../../../../../H-x86_64-mingw32/nios2-elf/lib\libc.a(lib_a-fwalk.o)
                0x0000000000013acc                _fwalk_reent
 .text          0x0000000000013b90        0x0 c:/intelfpga_lite/18.0/nios2eds/bin/gnu/h-x86_64-mingw32/bin/../lib/gcc/nios2-elf/5.3.0/../../../../../H-x86_64-mingw32/nios2-elf/lib\libc.a(lib_a-makebuf.o)
 .text.__smakebuf_r
                0x0000000000013b90      0x1bc c:/intelfpga_lite/18.0/nios2eds/bin/gnu/h-x86_64-mingw32/bin/../lib/gcc/nios2-elf/5.3.0/../../../../../H-x86_64-mingw32/nios2-elf/lib\libc.a(lib_a-makebuf.o)
                0x0000000000013b90                __smakebuf_r
 .text          0x0000000000013d4c        0x0 c:/intelfpga_lite/18.0/nios2eds/bin/gnu/h-x86_64-mingw32/bin/../lib/gcc/nios2-elf/5.3.0/../../../../../H-x86_64-mingw32/nios2-elf/lib\libc.a(lib_a-mallocr.o)
 .text._malloc_r
                0x0000000000013d4c      0x80c c:/intelfpga_lite/18.0/nios2eds/bin/gnu/h-x86_64-mingw32/bin/../lib/gcc/nios2-elf/5.3.0/../../../../../H-x86_64-mingw32/nios2-elf/lib\libc.a(lib_a-mallocr.o)
                0x0000000000013d4c                _malloc_r
 .text          0x0000000000014558        0x0 c:/intelfpga_lite/18.0/nios2eds/bin/gnu/h-x86_64-mingw32/bin/../lib/gcc/nios2-elf/5.3.0/../../../../../H-x86_64-mingw32/nios2-elf/lib\libc.a(lib_a-memset.o)
 .text.memset   0x0000000000014558      0x128 c:/intelfpga_lite/18.0/nios2eds/bin/gnu/h-x86_64-mingw32/bin/../lib/gcc/nios2-elf/5.3.0/../../../../../H-x86_64-mingw32/nios2-elf/lib\libc.a(lib_a-memset.o)
                0x0000000000014558                memset
 .text          0x0000000000014680        0x0 c:/intelfpga_lite/18.0/nios2eds/bin/gnu/h-x86_64-mingw32/bin/../lib/gcc/nios2-elf/5.3.0/../../../../../H-x86_64-mingw32/nios2-elf/lib\libc.a(lib_a-sbrkr.o)
 .text._sbrk_r  0x0000000000014680       0x54 c:/intelfpga_lite/18.0/nios2eds/bin/gnu/h-x86_64-mingw32/bin/../lib/gcc/nios2-elf/5.3.0/../../../../../H-x86_64-mingw32/nios2-elf/lib\libc.a(lib_a-sbrkr.o)
                0x0000000000014680                _sbrk_r
 .text          0x00000000000146d4        0x0 c:/intelfpga_lite/18.0/nios2eds/bin/gnu/h-x86_64-mingw32/bin/../lib/gcc/nios2-elf/5.3.0/../../../../../H-x86_64-mingw32/nios2-elf/lib\libc.a(lib_a-stdio.o)
 .text.__sread  0x00000000000146d4       0x54 c:/intelfpga_lite/18.0/nios2eds/bin/gnu/h-x86_64-mingw32/bin/../lib/gcc/nios2-elf/5.3.0/../../../../../H-x86_64-mingw32/nios2-elf/lib\libc.a(lib_a-stdio.o)
                0x00000000000146d4                __sread
 .text.__seofread
                0x0000000000014728        0x8 c:/intelfpga_lite/18.0/nios2eds/bin/gnu/h-x86_64-mingw32/bin/../lib/gcc/nios2-elf/5.3.0/../../../../../H-x86_64-mingw32/nios2-elf/lib\libc.a(lib_a-stdio.o)
                0x0000000000014728                __seofread
 .text.__swrite
                0x0000000000014730       0x7c c:/intelfpga_lite/18.0/nios2eds/bin/gnu/h-x86_64-mingw32/bin/../lib/gcc/nios2-elf/5.3.0/../../../../../H-x86_64-mingw32/nios2-elf/lib\libc.a(lib_a-stdio.o)
                0x0000000000014730                __swrite
 .text.__sseek  0x00000000000147ac       0x5c c:/intelfpga_lite/18.0/nios2eds/bin/gnu/h-x86_64-mingw32/bin/../lib/gcc/nios2-elf/5.3.0/../../../../../H-x86_64-mingw32/nios2-elf/lib\libc.a(lib_a-stdio.o)
                0x00000000000147ac                __sseek
 .text.__sclose
                0x0000000000014808        0x8 c:/intelfpga_lite/18.0/nios2eds/bin/gnu/h-x86_64-mingw32/bin/../lib/gcc/nios2-elf/5.3.0/../../../../../H-x86_64-mingw32/nios2-elf/lib\libc.a(lib_a-stdio.o)
                0x0000000000014808                __sclose
 .text          0x0000000000014810        0x0 c:/intelfpga_lite/18.0/nios2eds/bin/gnu/h-x86_64-mingw32/bin/../lib/gcc/nios2-elf/5.3.0/../../../../../H-x86_64-mingw32/nios2-elf/lib\libc.a(lib_a-writer.o)
 .text._write_r
                0x0000000000014810       0x60 c:/intelfpga_lite/18.0/nios2eds/bin/gnu/h-x86_64-mingw32/bin/../lib/gcc/nios2-elf/5.3.0/../../../../../H-x86_64-mingw32/nios2-elf/lib\libc.a(lib_a-writer.o)
                0x0000000000014810                _write_r
 .text          0x0000000000014870        0x0 c:/intelfpga_lite/18.0/nios2eds/bin/gnu/h-x86_64-mingw32/bin/../lib/gcc/nios2-elf/5.3.0/../../../../../H-x86_64-mingw32/nios2-elf/lib\libc.a(closer.o)
 .text._close_r
                0x0000000000014870       0x54 c:/intelfpga_lite/18.0/nios2eds/bin/gnu/h-x86_64-mingw32/bin/../lib/gcc/nios2-elf/5.3.0/../../../../../H-x86_64-mingw32/nios2-elf/lib\libc.a(closer.o)
                0x0000000000014870                _close_r
 .text          0x00000000000148c4        0x0 c:/intelfpga_lite/18.0/nios2eds/bin/gnu/h-x86_64-mingw32/bin/../lib/gcc/nios2-elf/5.3.0/../../../../../H-x86_64-mingw32/nios2-elf/lib\libc.a(lib_a-fclose.o)
 .text._fclose_r
                0x00000000000148c4       0xf0 c:/intelfpga_lite/18.0/nios2eds/bin/gnu/h-x86_64-mingw32/bin/../lib/gcc/nios2-elf/5.3.0/../../../../../H-x86_64-mingw32/nios2-elf/lib\libc.a(lib_a-fclose.o)
                0x00000000000148c4                _fclose_r
 .text.fclose   0x00000000000149b4       0x14 c:/intelfpga_lite/18.0/nios2eds/bin/gnu/h-x86_64-mingw32/bin/../lib/gcc/nios2-elf/5.3.0/../../../../../H-x86_64-mingw32/nios2-elf/lib\libc.a(lib_a-fclose.o)
                0x00000000000149b4                fclose
 .text          0x00000000000149c8        0x0 c:/intelfpga_lite/18.0/nios2eds/bin/gnu/h-x86_64-mingw32/bin/../lib/gcc/nios2-elf/5.3.0/../../../../../H-x86_64-mingw32/nios2-elf/lib\libc.a(lib_a-fstatr.o)
 .text._fstat_r
                0x00000000000149c8       0x5c c:/intelfpga_lite/18.0/nios2eds/bin/gnu/h-x86_64-mingw32/bin/../lib/gcc/nios2-elf/5.3.0/../../../../../H-x86_64-mingw32/nios2-elf/lib\libc.a(lib_a-fstatr.o)
                0x00000000000149c8                _fstat_r
 .text          0x0000000000014a24        0x0 c:/intelfpga_lite/18.0/nios2eds/bin/gnu/h-x86_64-mingw32/bin/../lib/gcc/nios2-elf/5.3.0/../../../../../H-x86_64-mingw32/nios2-elf/lib\libc.a(lib_a-isattyr.o)
 .text._isatty_r
                0x0000000000014a24       0x54 c:/intelfpga_lite/18.0/nios2eds/bin/gnu/h-x86_64-mingw32/bin/../lib/gcc/nios2-elf/5.3.0/../../../../../H-x86_64-mingw32/nios2-elf/lib\libc.a(lib_a-isattyr.o)
                0x0000000000014a24                _isatty_r
 .text          0x0000000000014a78        0x0 c:/intelfpga_lite/18.0/nios2eds/bin/gnu/h-x86_64-mingw32/bin/../lib/gcc/nios2-elf/5.3.0/../../../../../H-x86_64-mingw32/nios2-elf/lib\libc.a(lib_a-lseekr.o)
 .text._lseek_r
                0x0000000000014a78       0x60 c:/intelfpga_lite/18.0/nios2eds/bin/gnu/h-x86_64-mingw32/bin/../lib/gcc/nios2-elf/5.3.0/../../../../../H-x86_64-mingw32/nios2-elf/lib\libc.a(lib_a-lseekr.o)
                0x0000000000014a78                _lseek_r
 .text          0x0000000000014ad8        0x0 c:/intelfpga_lite/18.0/nios2eds/bin/gnu/h-x86_64-mingw32/bin/../lib/gcc/nios2-elf/5.3.0/../../../../../H-x86_64-mingw32/nios2-elf/lib\libc.a(lib_a-readr.o)
 .text._read_r  0x0000000000014ad8       0x60 c:/intelfpga_lite/18.0/nios2eds/bin/gnu/h-x86_64-mingw32/bin/../lib/gcc/nios2-elf/5.3.0/../../../../../H-x86_64-mingw32/nios2-elf/lib\libc.a(lib_a-readr.o)
                0x0000000000014ad8                _read_r
 .text          0x0000000000014b38       0x34 ../skribblnios_sw_bsp/\libhal_bsp.a(alt_exit.o)
                0x0000000000014b38                _exit
 .text          0x0000000000014b6c       0xec ../skribblnios_sw_bsp/\libhal_bsp.a(alt_fstat.o)
                0x0000000000014ba8                fstat
 .text          0x0000000000014c58       0xe0 ../skribblnios_sw_bsp/\libhal_bsp.a(alt_isatty.o)
                0x0000000000014c94                isatty
 .text          0x0000000000014d38      0x110 ../skribblnios_sw_bsp/\libhal_bsp.a(alt_lseek.o)
                0x0000000000014d74                lseek
 .text          0x0000000000014e48       0x48 ../skribblnios_sw_bsp/\libhal_bsp.a(alt_malloc_lock.o)
                0x0000000000014e48                __malloc_lock
                0x0000000000014e6c                __malloc_unlock
 .text          0x0000000000014e90      0x138 ../skribblnios_sw_bsp/\libhal_bsp.a(alt_read.o)
                0x0000000000014ecc                read
 .text          0x0000000000014fc8       0xb0 ../skribblnios_sw_bsp/\libhal_bsp.a(alt_sbrk.o)
                0x0000000000014fc8                sbrk
 .text          0x0000000000015078      0x134 ../skribblnios_sw_bsp/\libhal_bsp.a(alt_write.o)
                0x00000000000150b4                write
 *(.gnu.warning.*)
 *(.fini)
                [!provide]                        PROVIDE (__etext, ABSOLUTE (.))
                [!provide]                        PROVIDE (_etext, ABSOLUTE (.))
                [!provide]                        PROVIDE (etext, ABSOLUTE (.))
 *(.eh_frame_hdr)
                0x00000000000151ac                . = ALIGN (0x4)
                [!provide]                        PROVIDE (__preinit_array_start, ABSOLUTE (.))
 *(.preinit_array)
                [!provide]                        PROVIDE (__preinit_array_end, ABSOLUTE (.))
                [!provide]                        PROVIDE (__init_array_start, ABSOLUTE (.))
 *(.init_array)
                [!provide]                        PROVIDE (__init_array_end, ABSOLUTE (.))
                [!provide]                        PROVIDE (__fini_array_start, ABSOLUTE (.))
 *(.fini_array)
                [!provide]                        PROVIDE (__fini_array_end, ABSOLUTE (.))
 *(.eh_frame)
 *(.gcc_except_table .gcc_except_table.*)
 *(.dynamic)
                0x00000000000151ac                PROVIDE (__CTOR_LIST__, ABSOLUTE (.))
 *(.ctors)
 *(SORT(.ctors.*))
                0x00000000000151ac                PROVIDE (__CTOR_END__, ABSOLUTE (.))
                0x00000000000151ac                PROVIDE (__DTOR_LIST__, ABSOLUTE (.))
 *(.dtors)
 *(SORT(.dtors.*))
                0x00000000000151ac                PROVIDE (__DTOR_END__, ABSOLUTE (.))
 *(.jcr)
                0x00000000000151ac                . = ALIGN (0x4)

.rodata         0x00000000000151ac       0x6c
                0x00000000000151ac                PROVIDE (__ram_rodata_start, ABSOLUTE (.))
                0x00000000000151ac                . = ALIGN (0x4)
 *(.rodata .rodata.* .gnu.linkonce.r.*)
 .rodata        0x00000000000151ac       0x22 obj/default/skribblmain.o
 *fill*         0x00000000000151ce        0x2 
 .rodata        0x00000000000151d0        0xf ../skribblnios_sw_bsp/\libhal_bsp.a(alt_main.o)
 *fill*         0x00000000000151df        0x1 
 .rodata        0x00000000000151e0       0x27 ../skribblnios_sw_bsp/\libhal_bsp.a(alt_sys_init.o)
 *fill*         0x0000000000015207        0x1 
 .rodata        0x0000000000015208        0xa ../skribblnios_sw_bsp/\libhal_bsp.a(alt_dev.o)
 *fill*         0x0000000000015212        0x2 
 .rodata.str1.4
                0x0000000000015214        0x4 c:/intelfpga_lite/18.0/nios2eds/bin/gnu/h-x86_64-mingw32/bin/../lib/gcc/nios2-elf/5.3.0/../../../../../H-x86_64-mingw32/nios2-elf/lib\libc.a(lib_a-impure.o)
                                          0x2 (size before relaxing)
 *(.rodata1)
                0x0000000000015218                . = ALIGN (0x4)
                0x0000000000015218                PROVIDE (__ram_rodata_end, ABSOLUTE (.))
                0x00000000000151ac                PROVIDE (__flash_rodata_start, LOADADDR (.rodata))

.rwdata         0x0000000000015218     0x1a98 load address 0x0000000000016cb0
                0x0000000000015218                PROVIDE (__ram_rwdata_start, ABSOLUTE (.))
                0x0000000000015218                . = ALIGN (0x4)
 *(.got.plt)
 *(.got)
 *(.data1)
 *(.data .data.* .gnu.linkonce.d.*)
 .data          0x0000000000015218        0x0 ../skribblnios_sw_bsp//obj/HAL/src/crt0.o
 .data          0x0000000000015218        0x0 obj/default/skribblmain.o
 .data          0x0000000000015218        0x0 ../skribblnios_sw_bsp/\libhal_bsp.a(alt_load.o)
 .data          0x0000000000015218        0x0 ../skribblnios_sw_bsp/\libhal_bsp.a(alt_main.o)
 .data          0x0000000000015218        0x0 ../skribblnios_sw_bsp/\libhal_bsp.a(alt_printf.o)
 .data          0x0000000000015218        0x0 ../skribblnios_sw_bsp/\libhal_bsp.a(alt_putchar.o)
 .data          0x0000000000015218     0x108c ../skribblnios_sw_bsp/\libhal_bsp.a(alt_sys_init.o)
 .data          0x00000000000162a4        0x0 ../skribblnios_sw_bsp/\libhal_bsp.a(altera_avalon_jtag_uart_fd.o)
 .data          0x00000000000162a4        0x0 ../skribblnios_sw_bsp/\libhal_bsp.a(altera_avalon_jtag_uart_init.o)
 .data          0x00000000000162a4        0x0 ../skribblnios_sw_bsp/\libhal_bsp.a(altera_avalon_jtag_uart_ioctl.o)
 .data          0x00000000000162a4        0x0 ../skribblnios_sw_bsp/\libhal_bsp.a(altera_avalon_jtag_uart_read.o)
 .data          0x00000000000162a4        0x0 ../skribblnios_sw_bsp/\libhal_bsp.a(altera_avalon_jtag_uart_write.o)
 .data          0x00000000000162a4        0x0 ../skribblnios_sw_bsp/\libhal_bsp.a(altera_avalon_timer_sc.o)
 .data          0x00000000000162a4        0x0 ../skribblnios_sw_bsp/\libhal_bsp.a(altera_up_avalon_accelerometer_spi.o)
 .data          0x00000000000162a4        0x0 ../skribblnios_sw_bsp/\libhal_bsp.a(alt_alarm_start.o)
 .data          0x00000000000162a4        0x0 ../skribblnios_sw_bsp/\libhal_bsp.a(alt_close.o)
 .data          0x00000000000162a4        0x0 ../skribblnios_sw_bsp/\libhal_bsp.a(alt_dcache_flush_all.o)
 .data          0x00000000000162a4      0x1a8 ../skribblnios_sw_bsp/\libhal_bsp.a(alt_dev.o)
                0x00000000000162a4                alt_dev_null
                0x00000000000162cc                alt_fd_list
 .data          0x000000000001644c        0x0 ../skribblnios_sw_bsp/\libhal_bsp.a(alt_dev_llist_insert.o)
 .data          0x000000000001644c        0x0 ../skribblnios_sw_bsp/\libhal_bsp.a(alt_do_ctors.o)
 .data          0x000000000001644c        0x0 ../skribblnios_sw_bsp/\libhal_bsp.a(alt_do_dtors.o)
 .data          0x000000000001644c        0x0 ../skribblnios_sw_bsp/\libhal_bsp.a(alt_errno.o)
 .data          0x000000000001644c        0x0 ../skribblnios_sw_bsp/\libhal_bsp.a(alt_find_dev.o)
 .data          0x000000000001644c        0x0 ../skribblnios_sw_bsp/\libhal_bsp.a(alt_icache_flush_all.o)
 .data          0x000000000001644c        0x0 ../skribblnios_sw_bsp/\libhal_bsp.a(alt_io_redirect.o)
 .data          0x000000000001644c        0x0 ../skribblnios_sw_bsp/\libhal_bsp.a(alt_irq_register.o)
 .data          0x000000000001644c        0x0 ../skribblnios_sw_bsp/\libhal_bsp.a(alt_irq_vars.o)
 .data          0x000000000001644c        0x0 ../skribblnios_sw_bsp/\libhal_bsp.a(alt_open.o)
 .data          0x000000000001644c        0x0 ../skribblnios_sw_bsp/\libhal_bsp.a(alt_release_fd.o)
 .data          0x000000000001644c        0x0 ../skribblnios_sw_bsp/\libhal_bsp.a(alt_tick.o)
 .data          0x000000000001644c        0x0 ../skribblnios_sw_bsp/\libhal_bsp.a(altera_nios2_gen2_irq.o)
 .data          0x000000000001644c        0x0 ../skribblnios_sw_bsp/\libhal_bsp.a(alt_find_file.o)
 .data          0x000000000001644c        0x0 ../skribblnios_sw_bsp/\libhal_bsp.a(alt_get_fd.o)
 .data          0x000000000001644c        0x0 ../skribblnios_sw_bsp/\libhal_bsp.a(alt_icache_flush.o)
 .data          0x000000000001644c        0x0 ../skribblnios_sw_bsp/\libhal_bsp.a(alt_irq_entry.o)
 .data          0x000000000001644c        0x0 ../skribblnios_sw_bsp/\libhal_bsp.a(alt_irq_handler.o)
 .data          0x000000000001644c        0x0 ../skribblnios_sw_bsp/\libhal_bsp.a(alt_exception_entry.o)
 .data          0x000000000001644c        0x0 ../skribblnios_sw_bsp/\libhal_bsp.a(alt_instruction_exception_entry.o)
 .data          0x000000000001644c        0x0 c:/intelfpga_lite/18.0/nios2eds/bin/gnu/h-x86_64-mingw32/bin/../lib/gcc/nios2-elf/5.3.0/../../../../../H-x86_64-mingw32/nios2-elf/lib\libc.a(lib_a-atexit.o)
 .data          0x000000000001644c        0x0 c:/intelfpga_lite/18.0/nios2eds/bin/gnu/h-x86_64-mingw32/bin/../lib/gcc/nios2-elf/5.3.0/../../../../../H-x86_64-mingw32/nios2-elf/lib\libc.a(lib_a-exit.o)
 .data          0x000000000001644c        0x0 c:/intelfpga_lite/18.0/nios2eds/bin/gnu/h-x86_64-mingw32/bin/../lib/gcc/nios2-elf/5.3.0/../../../../../H-x86_64-mingw32/nios2-elf/lib\libc.a(lib_a-impure.o)
 .data.impure_data
                0x000000000001644c      0x424 c:/intelfpga_lite/18.0/nios2eds/bin/gnu/h-x86_64-mingw32/bin/../lib/gcc/nios2-elf/5.3.0/../../../../../H-x86_64-mingw32/nios2-elf/lib\libc.a(lib_a-impure.o)
 .data          0x0000000000016870        0x0 c:/intelfpga_lite/18.0/nios2eds/bin/gnu/h-x86_64-mingw32/bin/../lib/gcc/nios2-elf/5.3.0/../../../../../H-x86_64-mingw32/nios2-elf/lib\libc.a(lib_a-int_errno.o)
 .data          0x0000000000016870        0x0 c:/intelfpga_lite/18.0/nios2eds/bin/gnu/h-x86_64-mingw32/bin/../lib/gcc/nios2-elf/5.3.0/../../../../../H-x86_64-mingw32/nios2-elf/lib\libc.a(lib_a-memcmp.o)
 .data          0x0000000000016870        0x0 c:/intelfpga_lite/18.0/nios2eds/bin/gnu/h-x86_64-mingw32/bin/../lib/gcc/nios2-elf/5.3.0/../../../../../H-x86_64-mingw32/nios2-elf/lib\libc.a(lib_a-memcpy.o)
 .data          0x0000000000016870        0x0 c:/intelfpga_lite/18.0/nios2eds/bin/gnu/h-x86_64-mingw32/bin/../lib/gcc/nios2-elf/5.3.0/../../../../../H-x86_64-mingw32/nios2-elf/lib\libc.a(lib_a-putc.o)
 .data          0x0000000000016870        0x0 c:/intelfpga_lite/18.0/nios2eds/bin/gnu/h-x86_64-mingw32/bin/../lib/gcc/nios2-elf/5.3.0/../../../../../H-x86_64-mingw32/nios2-elf/lib\libc.a(lib_a-strlen.o)
 .data          0x0000000000016870        0x0 c:/intelfpga_lite/18.0/nios2eds/bin/gnu/h-x86_64-mingw32/bin/../lib/gcc/nios2-elf/5.3.0/../../../../../H-x86_64-mingw32/nios2-elf/lib\libc.a(lib_a-wbuf.o)
 .data          0x0000000000016870        0x0 c:/intelfpga_lite/18.0/nios2eds/bin/gnu/h-x86_64-mingw32/bin/../lib/gcc/nios2-elf/5.3.0/../../../../../H-x86_64-mingw32/nios2-elf/lib\libc.a(lib_a-wsetup.o)
 .data          0x0000000000016870        0x0 c:/intelfpga_lite/18.0/nios2eds/bin/gnu/h-x86_64-mingw32/bin/../lib/gcc/nios2-elf/5.3.0/../../../../../H-x86_64-mingw32/nios2-elf/lib\libc.a(lib_a-__atexit.o)
 .data          0x0000000000016870        0x0 c:/intelfpga_lite/18.0/nios2eds/bin/gnu/h-x86_64-mingw32/bin/../lib/gcc/nios2-elf/5.3.0/../../../../../H-x86_64-mingw32/nios2-elf/lib\libc.a(lib_a-__call_atexit.o)
 .data          0x0000000000016870        0x0 c:/intelfpga_lite/18.0/nios2eds/bin/gnu/h-x86_64-mingw32/bin/../lib/gcc/nios2-elf/5.3.0/../../../../../H-x86_64-mingw32/nios2-elf/lib\libc.a(lib_a-fflush.o)
 .data          0x0000000000016870        0x0 c:/intelfpga_lite/18.0/nios2eds/bin/gnu/h-x86_64-mingw32/bin/../lib/gcc/nios2-elf/5.3.0/../../../../../H-x86_64-mingw32/nios2-elf/lib\libc.a(lib_a-findfp.o)
 .data          0x0000000000016870        0x0 c:/intelfpga_lite/18.0/nios2eds/bin/gnu/h-x86_64-mingw32/bin/../lib/gcc/nios2-elf/5.3.0/../../../../../H-x86_64-mingw32/nios2-elf/lib\libc.a(lib_a-freer.o)
 .data          0x0000000000016870        0x0 c:/intelfpga_lite/18.0/nios2eds/bin/gnu/h-x86_64-mingw32/bin/../lib/gcc/nios2-elf/5.3.0/../../../../../H-x86_64-mingw32/nios2-elf/lib\libc.a(lib_a-fwalk.o)
 .data          0x0000000000016870        0x0 c:/intelfpga_lite/18.0/nios2eds/bin/gnu/h-x86_64-mingw32/bin/../lib/gcc/nios2-elf/5.3.0/../../../../../H-x86_64-mingw32/nios2-elf/lib\libc.a(lib_a-makebuf.o)
 .data          0x0000000000016870        0x0 c:/intelfpga_lite/18.0/nios2eds/bin/gnu/h-x86_64-mingw32/bin/../lib/gcc/nios2-elf/5.3.0/../../../../../H-x86_64-mingw32/nios2-elf/lib\libc.a(lib_a-mallocr.o)
 .data.__malloc_av_
                0x0000000000016870      0x408 c:/intelfpga_lite/18.0/nios2eds/bin/gnu/h-x86_64-mingw32/bin/../lib/gcc/nios2-elf/5.3.0/../../../../../H-x86_64-mingw32/nios2-elf/lib\libc.a(lib_a-mallocr.o)
                0x0000000000016870                __malloc_av_
 .data          0x0000000000016c78        0x0 c:/intelfpga_lite/18.0/nios2eds/bin/gnu/h-x86_64-mingw32/bin/../lib/gcc/nios2-elf/5.3.0/../../../../../H-x86_64-mingw32/nios2-elf/lib\libc.a(lib_a-memset.o)
 .data          0x0000000000016c78        0x0 c:/intelfpga_lite/18.0/nios2eds/bin/gnu/h-x86_64-mingw32/bin/../lib/gcc/nios2-elf/5.3.0/../../../../../H-x86_64-mingw32/nios2-elf/lib\libc.a(lib_a-sbrkr.o)
 .data          0x0000000000016c78        0x0 c:/intelfpga_lite/18.0/nios2eds/bin/gnu/h-x86_64-mingw32/bin/../lib/gcc/nios2-elf/5.3.0/../../../../../H-x86_64-mingw32/nios2-elf/lib\libc.a(lib_a-stdio.o)
 .data          0x0000000000016c78        0x0 c:/intelfpga_lite/18.0/nios2eds/bin/gnu/h-x86_64-mingw32/bin/../lib/gcc/nios2-elf/5.3.0/../../../../../H-x86_64-mingw32/nios2-elf/lib\libc.a(lib_a-writer.o)
 .data          0x0000000000016c78        0x0 c:/intelfpga_lite/18.0/nios2eds/bin/gnu/h-x86_64-mingw32/bin/../lib/gcc/nios2-elf/5.3.0/../../../../../H-x86_64-mingw32/nios2-elf/lib\libc.a(closer.o)
 .data          0x0000000000016c78        0x0 c:/intelfpga_lite/18.0/nios2eds/bin/gnu/h-x86_64-mingw32/bin/../lib/gcc/nios2-elf/5.3.0/../../../../../H-x86_64-mingw32/nios2-elf/lib\libc.a(lib_a-fclose.o)
 .data          0x0000000000016c78        0x0 c:/intelfpga_lite/18.0/nios2eds/bin/gnu/h-x86_64-mingw32/bin/../lib/gcc/nios2-elf/5.3.0/../../../../../H-x86_64-mingw32/nios2-elf/lib\libc.a(lib_a-fstatr.o)
 .data          0x0000000000016c78        0x0 c:/intelfpga_lite/18.0/nios2eds/bin/gnu/h-x86_64-mingw32/bin/../lib/gcc/nios2-elf/5.3.0/../../../../../H-x86_64-mingw32/nios2-elf/lib\libc.a(lib_a-isattyr.o)
 .data          0x0000000000016c78        0x0 c:/intelfpga_lite/18.0/nios2eds/bin/gnu/h-x86_64-mingw32/bin/../lib/gcc/nios2-elf/5.3.0/../../../../../H-x86_64-mingw32/nios2-elf/lib\libc.a(lib_a-lseekr.o)
 .data          0x0000000000016c78        0x0 c:/intelfpga_lite/18.0/nios2eds/bin/gnu/h-x86_64-mingw32/bin/../lib/gcc/nios2-elf/5.3.0/../../../../../H-x86_64-mingw32/nios2-elf/lib\libc.a(lib_a-readr.o)
 .data          0x0000000000016c78        0x0 ../skribblnios_sw_bsp/\libhal_bsp.a(alt_exit.o)
 .data          0x0000000000016c78        0x0 ../skribblnios_sw_bsp/\libhal_bsp.a(alt_fstat.o)
 .data          0x0000000000016c78        0x0 ../skribblnios_sw_bsp/\libhal_bsp.a(alt_isatty.o)
 .data          0x0000000000016c78        0x0 ../skribblnios_sw_bsp/\libhal_bsp.a(alt_lseek.o)
 .data          0x0000000000016c78        0x0 ../skribblnios_sw_bsp/\libhal_bsp.a(alt_malloc_lock.o)
 .data          0x0000000000016c78        0x0 ../skribblnios_sw_bsp/\libhal_bsp.a(alt_read.o)
 .data          0x0000000000016c78        0x0 ../skribblnios_sw_bsp/\libhal_bsp.a(alt_sbrk.o)
 .data          0x0000000000016c78        0x0 ../skribblnios_sw_bsp/\libhal_bsp.a(alt_write.o)
                0x000000000001ec78                _gp = ABSOLUTE ((. + 0x8000))
                [!provide]                        PROVIDE (gp, _gp)
 *(.rwdata .rwdata.*)
 *(.sdata .sdata.* .gnu.linkonce.s.*)
 .sdata         0x0000000000016c78       0x14 ../skribblnios_sw_bsp/\libhal_bsp.a(alt_dev.o)
                0x0000000000016c78                alt_fs_list
                0x0000000000016c80                alt_dev_list
                0x0000000000016c88                alt_max_fd
 .sdata         0x0000000000016c8c        0x4 ../skribblnios_sw_bsp/\libhal_bsp.a(alt_errno.o)
                0x0000000000016c8c                alt_errno
 .sdata         0x0000000000016c90        0x4 ../skribblnios_sw_bsp/\libhal_bsp.a(alt_irq_vars.o)
                0x0000000000016c90                alt_priority_mask
 .sdata         0x0000000000016c94        0x8 ../skribblnios_sw_bsp/\libhal_bsp.a(alt_tick.o)
                0x0000000000016c94                alt_alarm_list
 .sdata._global_impure_ptr
                0x0000000000016c9c        0x4 c:/intelfpga_lite/18.0/nios2eds/bin/gnu/h-x86_64-mingw32/bin/../lib/gcc/nios2-elf/5.3.0/../../../../../H-x86_64-mingw32/nios2-elf/lib\libc.a(lib_a-impure.o)
                0x0000000000016c9c                _global_impure_ptr
 .sdata._impure_ptr
                0x0000000000016ca0        0x4 c:/intelfpga_lite/18.0/nios2eds/bin/gnu/h-x86_64-mingw32/bin/../lib/gcc/nios2-elf/5.3.0/../../../../../H-x86_64-mingw32/nios2-elf/lib\libc.a(lib_a-impure.o)
                0x0000000000016ca0                _impure_ptr
 .sdata.__malloc_sbrk_base
                0x0000000000016ca4        0x4 c:/intelfpga_lite/18.0/nios2eds/bin/gnu/h-x86_64-mingw32/bin/../lib/gcc/nios2-elf/5.3.0/../../../../../H-x86_64-mingw32/nios2-elf/lib\libc.a(lib_a-mallocr.o)
                0x0000000000016ca4                __malloc_sbrk_base
 .sdata.__malloc_trim_threshold
                0x0000000000016ca8        0x4 c:/intelfpga_lite/18.0/nios2eds/bin/gnu/h-x86_64-mingw32/bin/../lib/gcc/nios2-elf/5.3.0/../../../../../H-x86_64-mingw32/nios2-elf/lib\libc.a(lib_a-mallocr.o)
                0x0000000000016ca8                __malloc_trim_threshold
 .sdata         0x0000000000016cac        0x4 ../skribblnios_sw_bsp/\libhal_bsp.a(alt_sbrk.o)
 *(.sdata2 .sdata2.* .gnu.linkonce.s2.*)
                0x0000000000016cb0                . = ALIGN (0x4)
                0x0000000000016cb0                _edata = ABSOLUTE (.)
                [!provide]                        PROVIDE (edata, ABSOLUTE (.))
                0x0000000000016cb0                PROVIDE (__ram_rwdata_end, ABSOLUTE (.))
                0x0000000000016cb0                PROVIDE (__flash_rwdata_start, LOADADDR (.rwdata))

.bss            0x0000000000018748      0x15c
                0x0000000000018748                __bss_start = ABSOLUTE (.)
                [!provide]                        PROVIDE (__sbss_start, ABSOLUTE (.))
                [!provide]                        PROVIDE (___sbss_start, ABSOLUTE (.))
 *(.dynsbss)
 *(.sbss .sbss.* .gnu.linkonce.sb.*)
 .sbss          0x0000000000018748        0x8 obj/default/skribblmain.o
                0x0000000000018748                led
                0x000000000001874c                level
 .sbss          0x0000000000018750        0xc ../skribblnios_sw_bsp/\libhal_bsp.a(alt_main.o)
                0x0000000000018750                alt_argc
                0x0000000000018754                alt_argv
                0x0000000000018758                alt_envp
 .sbss          0x000000000001875c        0x4 ../skribblnios_sw_bsp/\libhal_bsp.a(alt_irq_vars.o)
                0x000000000001875c                alt_irq_active
 .sbss          0x0000000000018760        0x8 ../skribblnios_sw_bsp/\libhal_bsp.a(alt_tick.o)
                0x0000000000018760                _alt_tick_rate
                0x0000000000018764                _alt_nticks
 .sbss          0x0000000000018768        0x4 ../skribblnios_sw_bsp/\libhal_bsp.a(alt_instruction_exception_entry.o)
                0x0000000000018768                alt_instruction_exception_handler
 .sbss          0x000000000001876c        0x4 c:/intelfpga_lite/18.0/nios2eds/bin/gnu/h-x86_64-mingw32/bin/../lib/gcc/nios2-elf/5.3.0/../../../../../H-x86_64-mingw32/nios2-elf/lib\libc.a(lib_a-int_errno.o)
                0x000000000001876c                errno
 .sbss.__malloc_max_total_mem
                0x0000000000018770        0x4 c:/intelfpga_lite/18.0/nios2eds/bin/gnu/h-x86_64-mingw32/bin/../lib/gcc/nios2-elf/5.3.0/../../../../../H-x86_64-mingw32/nios2-elf/lib\libc.a(lib_a-mallocr.o)
                0x0000000000018770                __malloc_max_total_mem
 .sbss.__malloc_max_sbrked_mem
                0x0000000000018774        0x4 c:/intelfpga_lite/18.0/nios2eds/bin/gnu/h-x86_64-mingw32/bin/../lib/gcc/nios2-elf/5.3.0/../../../../../H-x86_64-mingw32/nios2-elf/lib\libc.a(lib_a-mallocr.o)
                0x0000000000018774                __malloc_max_sbrked_mem
 .sbss.__malloc_top_pad
                0x0000000000018778        0x4 c:/intelfpga_lite/18.0/nios2eds/bin/gnu/h-x86_64-mingw32/bin/../lib/gcc/nios2-elf/5.3.0/../../../../../H-x86_64-mingw32/nios2-elf/lib\libc.a(lib_a-mallocr.o)
                0x0000000000018778                __malloc_top_pad
 *(.sbss2 .sbss2.* .gnu.linkonce.sb2.*)
 *(.scommon)
                [!provide]                        PROVIDE (__sbss_end, ABSOLUTE (.))
                [!provide]                        PROVIDE (___sbss_end, ABSOLUTE (.))
 *(.dynbss)
 *(.bss .bss.* .gnu.linkonce.b.*)
 .bss           0x000000000001877c        0x0 ../skribblnios_sw_bsp//obj/HAL/src/crt0.o
 .bss           0x000000000001877c        0x0 obj/default/skribblmain.o
 .bss           0x000000000001877c        0x0 ../skribblnios_sw_bsp/\libhal_bsp.a(alt_load.o)
 .bss           0x000000000001877c        0x0 ../skribblnios_sw_bsp/\libhal_bsp.a(alt_main.o)
 .bss           0x000000000001877c        0x0 ../skribblnios_sw_bsp/\libhal_bsp.a(alt_printf.o)
 .bss           0x000000000001877c        0x0 ../skribblnios_sw_bsp/\libhal_bsp.a(alt_putchar.o)
 .bss           0x000000000001877c        0x0 ../skribblnios_sw_bsp/\libhal_bsp.a(alt_sys_init.o)
 .bss           0x000000000001877c        0x0 ../skribblnios_sw_bsp/\libhal_bsp.a(altera_avalon_jtag_uart_fd.o)
 .bss           0x000000000001877c        0x0 ../skribblnios_sw_bsp/\libhal_bsp.a(altera_avalon_jtag_uart_init.o)
 .bss           0x000000000001877c        0x0 ../skribblnios_sw_bsp/\libhal_bsp.a(altera_avalon_jtag_uart_ioctl.o)
 .bss           0x000000000001877c        0x0 ../skribblnios_sw_bsp/\libhal_bsp.a(altera_avalon_jtag_uart_read.o)
 .bss           0x000000000001877c        0x0 ../skribblnios_sw_bsp/\libhal_bsp.a(altera_avalon_jtag_uart_write.o)
 .bss           0x000000000001877c        0x0 ../skribblnios_sw_bsp/\libhal_bsp.a(altera_avalon_timer_sc.o)
 .bss           0x000000000001877c        0x0 ../skribblnios_sw_bsp/\libhal_bsp.a(altera_up_avalon_accelerometer_spi.o)
 .bss           0x000000000001877c        0x0 ../skribblnios_sw_bsp/\libhal_bsp.a(alt_alarm_start.o)
 .bss           0x000000000001877c        0x0 ../skribblnios_sw_bsp/\libhal_bsp.a(alt_close.o)
 .bss           0x000000000001877c        0x0 ../skribblnios_sw_bsp/\libhal_bsp.a(alt_dcache_flush_all.o)
 .bss           0x000000000001877c        0x0 ../skribblnios_sw_bsp/\libhal_bsp.a(alt_dev.o)
 .bss           0x000000000001877c        0x0 ../skribblnios_sw_bsp/\libhal_bsp.a(alt_dev_llist_insert.o)
 .bss           0x000000000001877c        0x0 ../skribblnios_sw_bsp/\libhal_bsp.a(alt_do_ctors.o)
 .bss           0x000000000001877c        0x0 ../skribblnios_sw_bsp/\libhal_bsp.a(alt_do_dtors.o)
 .bss           0x000000000001877c        0x0 ../skribblnios_sw_bsp/\libhal_bsp.a(alt_errno.o)
 .bss           0x000000000001877c        0x0 ../skribblnios_sw_bsp/\libhal_bsp.a(alt_find_dev.o)
 .bss           0x000000000001877c        0x0 ../skribblnios_sw_bsp/\libhal_bsp.a(alt_icache_flush_all.o)
 .bss           0x000000000001877c        0x0 ../skribblnios_sw_bsp/\libhal_bsp.a(alt_io_redirect.o)
 .bss           0x000000000001877c        0x0 ../skribblnios_sw_bsp/\libhal_bsp.a(alt_irq_register.o)
 .bss           0x000000000001877c        0x0 ../skribblnios_sw_bsp/\libhal_bsp.a(alt_irq_vars.o)
 .bss           0x000000000001877c        0x0 ../skribblnios_sw_bsp/\libhal_bsp.a(alt_open.o)
 .bss           0x000000000001877c        0x0 ../skribblnios_sw_bsp/\libhal_bsp.a(alt_release_fd.o)
 .bss           0x000000000001877c        0x0 ../skribblnios_sw_bsp/\libhal_bsp.a(alt_tick.o)
 .bss           0x000000000001877c        0x0 ../skribblnios_sw_bsp/\libhal_bsp.a(altera_nios2_gen2_irq.o)
 .bss           0x000000000001877c        0x0 ../skribblnios_sw_bsp/\libhal_bsp.a(alt_find_file.o)
 .bss           0x000000000001877c        0x0 ../skribblnios_sw_bsp/\libhal_bsp.a(alt_get_fd.o)
 .bss           0x000000000001877c        0x0 ../skribblnios_sw_bsp/\libhal_bsp.a(alt_icache_flush.o)
 .bss           0x000000000001877c        0x0 ../skribblnios_sw_bsp/\libhal_bsp.a(alt_irq_entry.o)
 .bss           0x000000000001877c        0x0 ../skribblnios_sw_bsp/\libhal_bsp.a(alt_irq_handler.o)
 .bss           0x000000000001877c        0x0 ../skribblnios_sw_bsp/\libhal_bsp.a(alt_exception_entry.o)
 .bss           0x000000000001877c        0x0 ../skribblnios_sw_bsp/\libhal_bsp.a(alt_instruction_exception_entry.o)
 .bss           0x000000000001877c        0x0 c:/intelfpga_lite/18.0/nios2eds/bin/gnu/h-x86_64-mingw32/bin/../lib/gcc/nios2-elf/5.3.0/../../../../../H-x86_64-mingw32/nios2-elf/lib\libc.a(lib_a-atexit.o)
 .bss           0x000000000001877c        0x0 c:/intelfpga_lite/18.0/nios2eds/bin/gnu/h-x86_64-mingw32/bin/../lib/gcc/nios2-elf/5.3.0/../../../../../H-x86_64-mingw32/nios2-elf/lib\libc.a(lib_a-exit.o)
 .bss           0x000000000001877c        0x0 c:/intelfpga_lite/18.0/nios2eds/bin/gnu/h-x86_64-mingw32/bin/../lib/gcc/nios2-elf/5.3.0/../../../../../H-x86_64-mingw32/nios2-elf/lib\libc.a(lib_a-impure.o)
 .bss           0x000000000001877c        0x0 c:/intelfpga_lite/18.0/nios2eds/bin/gnu/h-x86_64-mingw32/bin/../lib/gcc/nios2-elf/5.3.0/../../../../../H-x86_64-mingw32/nios2-elf/lib\libc.a(lib_a-int_errno.o)
 .bss           0x000000000001877c        0x0 c:/intelfpga_lite/18.0/nios2eds/bin/gnu/h-x86_64-mingw32/bin/../lib/gcc/nios2-elf/5.3.0/../../../../../H-x86_64-mingw32/nios2-elf/lib\libc.a(lib_a-memcmp.o)
 .bss           0x000000000001877c        0x0 c:/intelfpga_lite/18.0/nios2eds/bin/gnu/h-x86_64-mingw32/bin/../lib/gcc/nios2-elf/5.3.0/../../../../../H-x86_64-mingw32/nios2-elf/lib\libc.a(lib_a-memcpy.o)
 .bss           0x000000000001877c        0x0 c:/intelfpga_lite/18.0/nios2eds/bin/gnu/h-x86_64-mingw32/bin/../lib/gcc/nios2-elf/5.3.0/../../../../../H-x86_64-mingw32/nios2-elf/lib\libc.a(lib_a-putc.o)
 .bss           0x000000000001877c        0x0 c:/intelfpga_lite/18.0/nios2eds/bin/gnu/h-x86_64-mingw32/bin/../lib/gcc/nios2-elf/5.3.0/../../../../../H-x86_64-mingw32/nios2-elf/lib\libc.a(lib_a-strlen.o)
 .bss           0x000000000001877c        0x0 c:/intelfpga_lite/18.0/nios2eds/bin/gnu/h-x86_64-mingw32/bin/../lib/gcc/nios2-elf/5.3.0/../../../../../H-x86_64-mingw32/nios2-elf/lib\libc.a(lib_a-wbuf.o)
 .bss           0x000000000001877c        0x0 c:/intelfpga_lite/18.0/nios2eds/bin/gnu/h-x86_64-mingw32/bin/../lib/gcc/nios2-elf/5.3.0/../../../../../H-x86_64-mingw32/nios2-elf/lib\libc.a(lib_a-wsetup.o)
 .bss           0x000000000001877c        0x0 c:/intelfpga_lite/18.0/nios2eds/bin/gnu/h-x86_64-mingw32/bin/../lib/gcc/nios2-elf/5.3.0/../../../../../H-x86_64-mingw32/nios2-elf/lib\libc.a(lib_a-__atexit.o)
 .bss           0x000000000001877c        0x0 c:/intelfpga_lite/18.0/nios2eds/bin/gnu/h-x86_64-mingw32/bin/../lib/gcc/nios2-elf/5.3.0/../../../../../H-x86_64-mingw32/nios2-elf/lib\libc.a(lib_a-__call_atexit.o)
 .bss           0x000000000001877c        0x0 c:/intelfpga_lite/18.0/nios2eds/bin/gnu/h-x86_64-mingw32/bin/../lib/gcc/nios2-elf/5.3.0/../../../../../H-x86_64-mingw32/nios2-elf/lib\libc.a(lib_a-fflush.o)
 .bss           0x000000000001877c        0x0 c:/intelfpga_lite/18.0/nios2eds/bin/gnu/h-x86_64-mingw32/bin/../lib/gcc/nios2-elf/5.3.0/../../../../../H-x86_64-mingw32/nios2-elf/lib\libc.a(lib_a-findfp.o)
 .bss           0x000000000001877c        0x0 c:/intelfpga_lite/18.0/nios2eds/bin/gnu/h-x86_64-mingw32/bin/../lib/gcc/nios2-elf/5.3.0/../../../../../H-x86_64-mingw32/nios2-elf/lib\libc.a(lib_a-freer.o)
 .bss           0x000000000001877c        0x0 c:/intelfpga_lite/18.0/nios2eds/bin/gnu/h-x86_64-mingw32/bin/../lib/gcc/nios2-elf/5.3.0/../../../../../H-x86_64-mingw32/nios2-elf/lib\libc.a(lib_a-fwalk.o)
 .bss           0x000000000001877c        0x0 c:/intelfpga_lite/18.0/nios2eds/bin/gnu/h-x86_64-mingw32/bin/../lib/gcc/nios2-elf/5.3.0/../../../../../H-x86_64-mingw32/nios2-elf/lib\libc.a(lib_a-makebuf.o)
 .bss           0x000000000001877c        0x0 c:/intelfpga_lite/18.0/nios2eds/bin/gnu/h-x86_64-mingw32/bin/../lib/gcc/nios2-elf/5.3.0/../../../../../H-x86_64-mingw32/nios2-elf/lib\libc.a(lib_a-mallocr.o)
 .bss.__malloc_current_mallinfo
                0x000000000001877c       0x28 c:/intelfpga_lite/18.0/nios2eds/bin/gnu/h-x86_64-mingw32/bin/../lib/gcc/nios2-elf/5.3.0/../../../../../H-x86_64-mingw32/nios2-elf/lib\libc.a(lib_a-mallocr.o)
                0x000000000001877c                __malloc_current_mallinfo
 .bss           0x00000000000187a4        0x0 c:/intelfpga_lite/18.0/nios2eds/bin/gnu/h-x86_64-mingw32/bin/../lib/gcc/nios2-elf/5.3.0/../../../../../H-x86_64-mingw32/nios2-elf/lib\libc.a(lib_a-memset.o)
 .bss           0x00000000000187a4        0x0 c:/intelfpga_lite/18.0/nios2eds/bin/gnu/h-x86_64-mingw32/bin/../lib/gcc/nios2-elf/5.3.0/../../../../../H-x86_64-mingw32/nios2-elf/lib\libc.a(lib_a-sbrkr.o)
 .bss           0x00000000000187a4        0x0 c:/intelfpga_lite/18.0/nios2eds/bin/gnu/h-x86_64-mingw32/bin/../lib/gcc/nios2-elf/5.3.0/../../../../../H-x86_64-mingw32/nios2-elf/lib\libc.a(lib_a-stdio.o)
 .bss           0x00000000000187a4        0x0 c:/intelfpga_lite/18.0/nios2eds/bin/gnu/h-x86_64-mingw32/bin/../lib/gcc/nios2-elf/5.3.0/../../../../../H-x86_64-mingw32/nios2-elf/lib\libc.a(lib_a-writer.o)
 .bss           0x00000000000187a4        0x0 c:/intelfpga_lite/18.0/nios2eds/bin/gnu/h-x86_64-mingw32/bin/../lib/gcc/nios2-elf/5.3.0/../../../../../H-x86_64-mingw32/nios2-elf/lib\libc.a(closer.o)
 .bss           0x00000000000187a4        0x0 c:/intelfpga_lite/18.0/nios2eds/bin/gnu/h-x86_64-mingw32/bin/../lib/gcc/nios2-elf/5.3.0/../../../../../H-x86_64-mingw32/nios2-elf/lib\libc.a(lib_a-fclose.o)
 .bss           0x00000000000187a4        0x0 c:/intelfpga_lite/18.0/nios2eds/bin/gnu/h-x86_64-mingw32/bin/../lib/gcc/nios2-elf/5.3.0/../../../../../H-x86_64-mingw32/nios2-elf/lib\libc.a(lib_a-fstatr.o)
 .bss           0x00000000000187a4        0x0 c:/intelfpga_lite/18.0/nios2eds/bin/gnu/h-x86_64-mingw32/bin/../lib/gcc/nios2-elf/5.3.0/../../../../../H-x86_64-mingw32/nios2-elf/lib\libc.a(lib_a-isattyr.o)
 .bss           0x00000000000187a4        0x0 c:/intelfpga_lite/18.0/nios2eds/bin/gnu/h-x86_64-mingw32/bin/../lib/gcc/nios2-elf/5.3.0/../../../../../H-x86_64-mingw32/nios2-elf/lib\libc.a(lib_a-lseekr.o)
 .bss           0x00000000000187a4        0x0 c:/intelfpga_lite/18.0/nios2eds/bin/gnu/h-x86_64-mingw32/bin/../lib/gcc/nios2-elf/5.3.0/../../../../../H-x86_64-mingw32/nios2-elf/lib\libc.a(lib_a-readr.o)
 .bss           0x00000000000187a4        0x0 ../skribblnios_sw_bsp/\libhal_bsp.a(alt_exit.o)
 .bss           0x00000000000187a4        0x0 ../skribblnios_sw_bsp/\libhal_bsp.a(alt_fstat.o)
 .bss           0x00000000000187a4        0x0 ../skribblnios_sw_bsp/\libhal_bsp.a(alt_isatty.o)
 .bss           0x00000000000187a4        0x0 ../skribblnios_sw_bsp/\libhal_bsp.a(alt_lseek.o)
 .bss           0x00000000000187a4        0x0 ../skribblnios_sw_bsp/\libhal_bsp.a(alt_malloc_lock.o)
 .bss           0x00000000000187a4        0x0 ../skribblnios_sw_bsp/\libhal_bsp.a(alt_read.o)
 .bss           0x00000000000187a4        0x0 ../skribblnios_sw_bsp/\libhal_bsp.a(alt_sbrk.o)
 .bss           0x00000000000187a4        0x0 ../skribblnios_sw_bsp/\libhal_bsp.a(alt_write.o)
 *(COMMON)
 COMMON         0x00000000000187a4      0x100 ../skribblnios_sw_bsp/\libhal_bsp.a(alt_irq_handler.o)
                0x00000000000187a4                alt_irq
                0x00000000000188a4                . = ALIGN (0x4)
                0x00000000000188a4                __bss_end = ABSOLUTE (.)

.onchip_memory  0x00000000000188a4        0x0
                [!provide]                        PROVIDE (_alt_partition_onchip_memory_start, ABSOLUTE (.))
 *(.onchip_memory .onchip_memory. onchip_memory.*)
                0x00000000000188a4                . = ALIGN (0x4)
                [!provide]                        PROVIDE (_alt_partition_onchip_memory_end, ABSOLUTE (.))
                0x00000000000188a4                _end = ABSOLUTE (.)
                0x00000000000188a4                end = ABSOLUTE (.)
                0x00000000000188a4                __alt_stack_base = ABSOLUTE (.)
                [!provide]                        PROVIDE (_alt_partition_onchip_memory_load_addr, LOADADDR (.onchip_memory))

.stab
 *(.stab)

.stabstr
 *(.stabstr)

.stab.excl
 *(.stab.excl)

.stab.exclstr
 *(.stab.exclstr)

.stab.index
 *(.stab.index)

.stab.indexstr
 *(.stab.indexstr)

.comment        0x0000000000000000       0x23
 *(.comment)
 .comment       0x0000000000000000       0x23 obj/default/skribblmain.o
                                         0x24 (size before relaxing)
 .comment       0x0000000000000023       0x24 ../skribblnios_sw_bsp/\libhal_bsp.a(alt_load.o)
 .comment       0x0000000000000023       0x24 ../skribblnios_sw_bsp/\libhal_bsp.a(alt_main.o)
 .comment       0x0000000000000023       0x24 ../skribblnios_sw_bsp/\libhal_bsp.a(alt_printf.o)
 .comment       0x0000000000000023       0x24 ../skribblnios_sw_bsp/\libhal_bsp.a(alt_putchar.o)
 .comment       0x0000000000000023       0x24 ../skribblnios_sw_bsp/\libhal_bsp.a(alt_sys_init.o)
 .comment       0x0000000000000023       0x24 ../skribblnios_sw_bsp/\libhal_bsp.a(altera_avalon_jtag_uart_fd.o)
 .comment       0x0000000000000023       0x24 ../skribblnios_sw_bsp/\libhal_bsp.a(altera_avalon_jtag_uart_init.o)
 .comment       0x0000000000000023       0x24 ../skribblnios_sw_bsp/\libhal_bsp.a(altera_avalon_jtag_uart_ioctl.o)
 .comment       0x0000000000000023       0x24 ../skribblnios_sw_bsp/\libhal_bsp.a(altera_avalon_jtag_uart_read.o)
 .comment       0x0000000000000023       0x24 ../skribblnios_sw_bsp/\libhal_bsp.a(altera_avalon_jtag_uart_write.o)
 .comment       0x0000000000000023       0x24 ../skribblnios_sw_bsp/\libhal_bsp.a(altera_avalon_timer_sc.o)
 .comment       0x0000000000000023       0x24 ../skribblnios_sw_bsp/\libhal_bsp.a(altera_up_avalon_accelerometer_spi.o)
 .comment       0x0000000000000023       0x24 ../skribblnios_sw_bsp/\libhal_bsp.a(alt_alarm_start.o)
 .comment       0x0000000000000023       0x24 ../skribblnios_sw_bsp/\libhal_bsp.a(alt_close.o)
 .comment       0x0000000000000023       0x24 ../skribblnios_sw_bsp/\libhal_bsp.a(alt_dcache_flush_all.o)
 .comment       0x0000000000000023       0x24 ../skribblnios_sw_bsp/\libhal_bsp.a(alt_dev.o)
 .comment       0x0000000000000023       0x24 ../skribblnios_sw_bsp/\libhal_bsp.a(alt_dev_llist_insert.o)
 .comment       0x0000000000000023       0x24 ../skribblnios_sw_bsp/\libhal_bsp.a(alt_do_ctors.o)
 .comment       0x0000000000000023       0x24 ../skribblnios_sw_bsp/\libhal_bsp.a(alt_do_dtors.o)
 .comment       0x0000000000000023       0x24 ../skribblnios_sw_bsp/\libhal_bsp.a(alt_errno.o)
 .comment       0x0000000000000023       0x24 ../skribblnios_sw_bsp/\libhal_bsp.a(alt_find_dev.o)
 .comment       0x0000000000000023       0x24 ../skribblnios_sw_bsp/\libhal_bsp.a(alt_icache_flush_all.o)
 .comment       0x0000000000000023       0x24 ../skribblnios_sw_bsp/\libhal_bsp.a(alt_io_redirect.o)
 .comment       0x0000000000000023       0x24 ../skribblnios_sw_bsp/\libhal_bsp.a(alt_irq_register.o)
 .comment       0x0000000000000023       0x24 ../skribblnios_sw_bsp/\libhal_bsp.a(alt_irq_vars.o)
 .comment       0x0000000000000023       0x24 ../skribblnios_sw_bsp/\libhal_bsp.a(alt_open.o)
 .comment       0x0000000000000023       0x24 ../skribblnios_sw_bsp/\libhal_bsp.a(alt_release_fd.o)
 .comment       0x0000000000000023       0x24 ../skribblnios_sw_bsp/\libhal_bsp.a(alt_tick.o)
 .comment       0x0000000000000023       0x24 ../skribblnios_sw_bsp/\libhal_bsp.a(altera_nios2_gen2_irq.o)
 .comment       0x0000000000000023       0x24 ../skribblnios_sw_bsp/\libhal_bsp.a(alt_find_file.o)
 .comment       0x0000000000000023       0x24 ../skribblnios_sw_bsp/\libhal_bsp.a(alt_get_fd.o)
 .comment       0x0000000000000023       0x24 ../skribblnios_sw_bsp/\libhal_bsp.a(alt_icache_flush.o)
 .comment       0x0000000000000023       0x24 ../skribblnios_sw_bsp/\libhal_bsp.a(alt_irq_handler.o)
 .comment       0x0000000000000023       0x24 ../skribblnios_sw_bsp/\libhal_bsp.a(alt_instruction_exception_entry.o)
 .comment       0x0000000000000023       0x24 c:/intelfpga_lite/18.0/nios2eds/bin/gnu/h-x86_64-mingw32/bin/../lib/gcc/nios2-elf/5.3.0/../../../../../H-x86_64-mingw32/nios2-elf/lib\libc.a(lib_a-atexit.o)
 .comment       0x0000000000000023       0x24 c:/intelfpga_lite/18.0/nios2eds/bin/gnu/h-x86_64-mingw32/bin/../lib/gcc/nios2-elf/5.3.0/../../../../../H-x86_64-mingw32/nios2-elf/lib\libc.a(lib_a-exit.o)
 .comment       0x0000000000000023       0x24 c:/intelfpga_lite/18.0/nios2eds/bin/gnu/h-x86_64-mingw32/bin/../lib/gcc/nios2-elf/5.3.0/../../../../../H-x86_64-mingw32/nios2-elf/lib\libc.a(lib_a-impure.o)
 .comment       0x0000000000000023       0x24 c:/intelfpga_lite/18.0/nios2eds/bin/gnu/h-x86_64-mingw32/bin/../lib/gcc/nios2-elf/5.3.0/../../../../../H-x86_64-mingw32/nios2-elf/lib\libc.a(lib_a-int_errno.o)
 .comment       0x0000000000000023       0x24 c:/intelfpga_lite/18.0/nios2eds/bin/gnu/h-x86_64-mingw32/bin/../lib/gcc/nios2-elf/5.3.0/../../../../../H-x86_64-mingw32/nios2-elf/lib\libc.a(lib_a-memcmp.o)
 .comment       0x0000000000000023       0x24 c:/intelfpga_lite/18.0/nios2eds/bin/gnu/h-x86_64-mingw32/bin/../lib/gcc/nios2-elf/5.3.0/../../../../../H-x86_64-mingw32/nios2-elf/lib\libc.a(lib_a-memcpy.o)
 .comment       0x0000000000000023       0x24 c:/intelfpga_lite/18.0/nios2eds/bin/gnu/h-x86_64-mingw32/bin/../lib/gcc/nios2-elf/5.3.0/../../../../../H-x86_64-mingw32/nios2-elf/lib\libc.a(lib_a-putc.o)
 .comment       0x0000000000000023       0x24 c:/intelfpga_lite/18.0/nios2eds/bin/gnu/h-x86_64-mingw32/bin/../lib/gcc/nios2-elf/5.3.0/../../../../../H-x86_64-mingw32/nios2-elf/lib\libc.a(lib_a-strlen.o)
 .comment       0x0000000000000023       0x24 c:/intelfpga_lite/18.0/nios2eds/bin/gnu/h-x86_64-mingw32/bin/../lib/gcc/nios2-elf/5.3.0/../../../../../H-x86_64-mingw32/nios2-elf/lib\libc.a(lib_a-wbuf.o)
 .comment       0x0000000000000023       0x24 c:/intelfpga_lite/18.0/nios2eds/bin/gnu/h-x86_64-mingw32/bin/../lib/gcc/nios2-elf/5.3.0/../../../../../H-x86_64-mingw32/nios2-elf/lib\libc.a(lib_a-wsetup.o)
 .comment       0x0000000000000023       0x24 c:/intelfpga_lite/18.0/nios2eds/bin/gnu/h-x86_64-mingw32/bin/../lib/gcc/nios2-elf/5.3.0/../../../../../H-x86_64-mingw32/nios2-elf/lib\libc.a(lib_a-__atexit.o)
 .comment       0x0000000000000023       0x24 c:/intelfpga_lite/18.0/nios2eds/bin/gnu/h-x86_64-mingw32/bin/../lib/gcc/nios2-elf/5.3.0/../../../../../H-x86_64-mingw32/nios2-elf/lib\libc.a(lib_a-__call_atexit.o)
 .comment       0x0000000000000023       0x24 c:/intelfpga_lite/18.0/nios2eds/bin/gnu/h-x86_64-mingw32/bin/../lib/gcc/nios2-elf/5.3.0/../../../../../H-x86_64-mingw32/nios2-elf/lib\libc.a(lib_a-fflush.o)
 .comment       0x0000000000000023       0x24 c:/intelfpga_lite/18.0/nios2eds/bin/gnu/h-x86_64-mingw32/bin/../lib/gcc/nios2-elf/5.3.0/../../../../../H-x86_64-mingw32/nios2-elf/lib\libc.a(lib_a-findfp.o)
 .comment       0x0000000000000023       0x24 c:/intelfpga_lite/18.0/nios2eds/bin/gnu/h-x86_64-mingw32/bin/../lib/gcc/nios2-elf/5.3.0/../../../../../H-x86_64-mingw32/nios2-elf/lib\libc.a(lib_a-freer.o)
 .comment       0x0000000000000023       0x24 c:/intelfpga_lite/18.0/nios2eds/bin/gnu/h-x86_64-mingw32/bin/../lib/gcc/nios2-elf/5.3.0/../../../../../H-x86_64-mingw32/nios2-elf/lib\libc.a(lib_a-fwalk.o)
 .comment       0x0000000000000023       0x24 c:/intelfpga_lite/18.0/nios2eds/bin/gnu/h-x86_64-mingw32/bin/../lib/gcc/nios2-elf/5.3.0/../../../../../H-x86_64-mingw32/nios2-elf/lib\libc.a(lib_a-makebuf.o)
 .comment       0x0000000000000023       0x24 c:/intelfpga_lite/18.0/nios2eds/bin/gnu/h-x86_64-mingw32/bin/../lib/gcc/nios2-elf/5.3.0/../../../../../H-x86_64-mingw32/nios2-elf/lib\libc.a(lib_a-mallocr.o)
 .comment       0x0000000000000023       0x24 c:/intelfpga_lite/18.0/nios2eds/bin/gnu/h-x86_64-mingw32/bin/../lib/gcc/nios2-elf/5.3.0/../../../../../H-x86_64-mingw32/nios2-elf/lib\libc.a(lib_a-memset.o)
 .comment       0x0000000000000023       0x24 c:/intelfpga_lite/18.0/nios2eds/bin/gnu/h-x86_64-mingw32/bin/../lib/gcc/nios2-elf/5.3.0/../../../../../H-x86_64-mingw32/nios2-elf/lib\libc.a(lib_a-sbrkr.o)
 .comment       0x0000000000000023       0x24 c:/intelfpga_lite/18.0/nios2eds/bin/gnu/h-x86_64-mingw32/bin/../lib/gcc/nios2-elf/5.3.0/../../../../../H-x86_64-mingw32/nios2-elf/lib\libc.a(lib_a-stdio.o)
 .comment       0x0000000000000023       0x24 c:/intelfpga_lite/18.0/nios2eds/bin/gnu/h-x86_64-mingw32/bin/../lib/gcc/nios2-elf/5.3.0/../../../../../H-x86_64-mingw32/nios2-elf/lib\libc.a(lib_a-writer.o)
 .comment       0x0000000000000023       0x24 c:/intelfpga_lite/18.0/nios2eds/bin/gnu/h-x86_64-mingw32/bin/../lib/gcc/nios2-elf/5.3.0/../../../../../H-x86_64-mingw32/nios2-elf/lib\libc.a(closer.o)
 .comment       0x0000000000000023       0x24 c:/intelfpga_lite/18.0/nios2eds/bin/gnu/h-x86_64-mingw32/bin/../lib/gcc/nios2-elf/5.3.0/../../../../../H-x86_64-mingw32/nios2-elf/lib\libc.a(lib_a-fclose.o)
 .comment       0x0000000000000023       0x24 c:/intelfpga_lite/18.0/nios2eds/bin/gnu/h-x86_64-mingw32/bin/../lib/gcc/nios2-elf/5.3.0/../../../../../H-x86_64-mingw32/nios2-elf/lib\libc.a(lib_a-fstatr.o)
 .comment       0x0000000000000023       0x24 c:/intelfpga_lite/18.0/nios2eds/bin/gnu/h-x86_64-mingw32/bin/../lib/gcc/nios2-elf/5.3.0/../../../../../H-x86_64-mingw32/nios2-elf/lib\libc.a(lib_a-isattyr.o)
 .comment       0x0000000000000023       0x24 c:/intelfpga_lite/18.0/nios2eds/bin/gnu/h-x86_64-mingw32/bin/../lib/gcc/nios2-elf/5.3.0/../../../../../H-x86_64-mingw32/nios2-elf/lib\libc.a(lib_a-lseekr.o)
 .comment       0x0000000000000023       0x24 c:/intelfpga_lite/18.0/nios2eds/bin/gnu/h-x86_64-mingw32/bin/../lib/gcc/nios2-elf/5.3.0/../../../../../H-x86_64-mingw32/nios2-elf/lib\libc.a(lib_a-readr.o)
 .comment       0x0000000000000023       0x24 ../skribblnios_sw_bsp/\libhal_bsp.a(alt_exit.o)
 .comment       0x0000000000000023       0x24 ../skribblnios_sw_bsp/\libhal_bsp.a(alt_fstat.o)
 .comment       0x0000000000000023       0x24 ../skribblnios_sw_bsp/\libhal_bsp.a(alt_isatty.o)
 .comment       0x0000000000000023       0x24 ../skribblnios_sw_bsp/\libhal_bsp.a(alt_lseek.o)
 .comment       0x0000000000000023       0x24 ../skribblnios_sw_bsp/\libhal_bsp.a(alt_malloc_lock.o)
 .comment       0x0000000000000023       0x24 ../skribblnios_sw_bsp/\libhal_bsp.a(alt_read.o)
 .comment       0x0000000000000023       0x24 ../skribblnios_sw_bsp/\libhal_bsp.a(alt_sbrk.o)
 .comment       0x0000000000000023       0x24 ../skribblnios_sw_bsp/\libhal_bsp.a(alt_write.o)

.debug
 *(.debug)

.line
 *(.line)

.debug_srcinfo
 *(.debug_srcinfo)

.debug_sfnames
 *(.debug_sfnames)

.debug_aranges  0x0000000000000000      0x9f8
 *(.debug_aranges)
 .debug_aranges
                0x0000000000000000       0x28 ../skribblnios_sw_bsp//obj/HAL/src/crt0.o
 .debug_aranges
                0x0000000000000028       0x20 obj/default/skribblmain.o
 .debug_aranges
                0x0000000000000048       0x20 ../skribblnios_sw_bsp/\libhal_bsp.a(alt_load.o)
 .debug_aranges
                0x0000000000000068       0x20 ../skribblnios_sw_bsp/\libhal_bsp.a(alt_main.o)
 .debug_aranges
                0x0000000000000088       0x20 ../skribblnios_sw_bsp/\libhal_bsp.a(alt_printf.o)
 .debug_aranges
                0x00000000000000a8       0x20 ../skribblnios_sw_bsp/\libhal_bsp.a(alt_putchar.o)
 .debug_aranges
                0x00000000000000c8       0x20 ../skribblnios_sw_bsp/\libhal_bsp.a(alt_sys_init.o)
 .debug_aranges
                0x00000000000000e8       0x20 ../skribblnios_sw_bsp/\libhal_bsp.a(altera_avalon_jtag_uart_fd.o)
 .debug_aranges
                0x0000000000000108       0x20 ../skribblnios_sw_bsp/\libhal_bsp.a(altera_avalon_jtag_uart_init.o)
 .debug_aranges
                0x0000000000000128       0x20 ../skribblnios_sw_bsp/\libhal_bsp.a(altera_avalon_jtag_uart_ioctl.o)
 .debug_aranges
                0x0000000000000148       0x20 ../skribblnios_sw_bsp/\libhal_bsp.a(altera_avalon_jtag_uart_read.o)
 .debug_aranges
                0x0000000000000168       0x20 ../skribblnios_sw_bsp/\libhal_bsp.a(altera_avalon_jtag_uart_write.o)
 .debug_aranges
                0x0000000000000188       0x20 ../skribblnios_sw_bsp/\libhal_bsp.a(altera_avalon_timer_sc.o)
 .debug_aranges
                0x00000000000001a8       0x20 ../skribblnios_sw_bsp/\libhal_bsp.a(altera_up_avalon_accelerometer_spi.o)
 .debug_aranges
                0x00000000000001c8       0x20 ../skribblnios_sw_bsp/\libhal_bsp.a(alt_alarm_start.o)
 .debug_aranges
                0x00000000000001e8       0x20 ../skribblnios_sw_bsp/\libhal_bsp.a(alt_close.o)
 .debug_aranges
                0x0000000000000208       0x20 ../skribblnios_sw_bsp/\libhal_bsp.a(alt_dcache_flush_all.o)
 .debug_aranges
                0x0000000000000228       0x20 ../skribblnios_sw_bsp/\libhal_bsp.a(alt_dev.o)
 .debug_aranges
                0x0000000000000248       0x20 ../skribblnios_sw_bsp/\libhal_bsp.a(alt_dev_llist_insert.o)
 .debug_aranges
                0x0000000000000268       0x20 ../skribblnios_sw_bsp/\libhal_bsp.a(alt_do_ctors.o)
 .debug_aranges
                0x0000000000000288       0x20 ../skribblnios_sw_bsp/\libhal_bsp.a(alt_do_dtors.o)
 .debug_aranges
                0x00000000000002a8       0x18 ../skribblnios_sw_bsp/\libhal_bsp.a(alt_errno.o)
 .debug_aranges
                0x00000000000002c0       0x20 ../skribblnios_sw_bsp/\libhal_bsp.a(alt_find_dev.o)
 .debug_aranges
                0x00000000000002e0       0x20 ../skribblnios_sw_bsp/\libhal_bsp.a(alt_icache_flush_all.o)
 .debug_aranges
                0x0000000000000300       0x20 ../skribblnios_sw_bsp/\libhal_bsp.a(alt_io_redirect.o)
 .debug_aranges
                0x0000000000000320       0x20 ../skribblnios_sw_bsp/\libhal_bsp.a(alt_irq_register.o)
 .debug_aranges
                0x0000000000000340       0x18 ../skribblnios_sw_bsp/\libhal_bsp.a(alt_irq_vars.o)
 .debug_aranges
                0x0000000000000358       0x20 ../skribblnios_sw_bsp/\libhal_bsp.a(alt_open.o)
 .debug_aranges
                0x0000000000000378       0x20 ../skribblnios_sw_bsp/\libhal_bsp.a(alt_release_fd.o)
 .debug_aranges
                0x0000000000000398       0x20 ../skribblnios_sw_bsp/\libhal_bsp.a(alt_tick.o)
 .debug_aranges
                0x00000000000003b8       0x20 ../skribblnios_sw_bsp/\libhal_bsp.a(altera_nios2_gen2_irq.o)
 .debug_aranges
                0x00000000000003d8       0x20 ../skribblnios_sw_bsp/\libhal_bsp.a(alt_find_file.o)
 .debug_aranges
                0x00000000000003f8       0x20 ../skribblnios_sw_bsp/\libhal_bsp.a(alt_get_fd.o)
 .debug_aranges
                0x0000000000000418       0x20 ../skribblnios_sw_bsp/\libhal_bsp.a(alt_icache_flush.o)
 .debug_aranges
                0x0000000000000438       0x30 ../skribblnios_sw_bsp/\libhal_bsp.a(alt_irq_entry.o)
 .debug_aranges
                0x0000000000000468       0x20 ../skribblnios_sw_bsp/\libhal_bsp.a(alt_irq_handler.o)
 .debug_aranges
                0x0000000000000488       0x38 ../skribblnios_sw_bsp/\libhal_bsp.a(alt_exception_entry.o)
 .debug_aranges
                0x00000000000004c0       0x28 ../skribblnios_sw_bsp/\libhal_bsp.a(alt_instruction_exception_entry.o)
 .debug_aranges
                0x00000000000004e8       0x20 c:/intelfpga_lite/18.0/nios2eds/bin/gnu/h-x86_64-mingw32/bin/../lib/gcc/nios2-elf/5.3.0/../../../../../H-x86_64-mingw32/nios2-elf/lib\libc.a(lib_a-atexit.o)
 .debug_aranges
                0x0000000000000508       0x20 c:/intelfpga_lite/18.0/nios2eds/bin/gnu/h-x86_64-mingw32/bin/../lib/gcc/nios2-elf/5.3.0/../../../../../H-x86_64-mingw32/nios2-elf/lib\libc.a(lib_a-exit.o)
 .debug_aranges
                0x0000000000000528       0x18 c:/intelfpga_lite/18.0/nios2eds/bin/gnu/h-x86_64-mingw32/bin/../lib/gcc/nios2-elf/5.3.0/../../../../../H-x86_64-mingw32/nios2-elf/lib\libc.a(lib_a-impure.o)
 .debug_aranges
                0x0000000000000540       0x18 c:/intelfpga_lite/18.0/nios2eds/bin/gnu/h-x86_64-mingw32/bin/../lib/gcc/nios2-elf/5.3.0/../../../../../H-x86_64-mingw32/nios2-elf/lib\libc.a(lib_a-int_errno.o)
 .debug_aranges
                0x0000000000000558       0x20 c:/intelfpga_lite/18.0/nios2eds/bin/gnu/h-x86_64-mingw32/bin/../lib/gcc/nios2-elf/5.3.0/../../../../../H-x86_64-mingw32/nios2-elf/lib\libc.a(lib_a-memcmp.o)
 .debug_aranges
                0x0000000000000578       0x20 c:/intelfpga_lite/18.0/nios2eds/bin/gnu/h-x86_64-mingw32/bin/../lib/gcc/nios2-elf/5.3.0/../../../../../H-x86_64-mingw32/nios2-elf/lib\libc.a(lib_a-memcpy.o)
 .debug_aranges
                0x0000000000000598       0x28 c:/intelfpga_lite/18.0/nios2eds/bin/gnu/h-x86_64-mingw32/bin/../lib/gcc/nios2-elf/5.3.0/../../../../../H-x86_64-mingw32/nios2-elf/lib\libc.a(lib_a-putc.o)
 .debug_aranges
                0x00000000000005c0       0x20 c:/intelfpga_lite/18.0/nios2eds/bin/gnu/h-x86_64-mingw32/bin/../lib/gcc/nios2-elf/5.3.0/../../../../../H-x86_64-mingw32/nios2-elf/lib\libc.a(lib_a-strlen.o)
 .debug_aranges
                0x00000000000005e0       0x28 c:/intelfpga_lite/18.0/nios2eds/bin/gnu/h-x86_64-mingw32/bin/../lib/gcc/nios2-elf/5.3.0/../../../../../H-x86_64-mingw32/nios2-elf/lib\libc.a(lib_a-wbuf.o)
 .debug_aranges
                0x0000000000000608       0x20 c:/intelfpga_lite/18.0/nios2eds/bin/gnu/h-x86_64-mingw32/bin/../lib/gcc/nios2-elf/5.3.0/../../../../../H-x86_64-mingw32/nios2-elf/lib\libc.a(lib_a-wsetup.o)
 .debug_aranges
                0x0000000000000628       0x20 c:/intelfpga_lite/18.0/nios2eds/bin/gnu/h-x86_64-mingw32/bin/../lib/gcc/nios2-elf/5.3.0/../../../../../H-x86_64-mingw32/nios2-elf/lib\libc.a(lib_a-__atexit.o)
 .debug_aranges
                0x0000000000000648       0x20 c:/intelfpga_lite/18.0/nios2eds/bin/gnu/h-x86_64-mingw32/bin/../lib/gcc/nios2-elf/5.3.0/../../../../../H-x86_64-mingw32/nios2-elf/lib\libc.a(lib_a-__call_atexit.o)
 .debug_aranges
                0x0000000000000668       0x30 c:/intelfpga_lite/18.0/nios2eds/bin/gnu/h-x86_64-mingw32/bin/../lib/gcc/nios2-elf/5.3.0/../../../../../H-x86_64-mingw32/nios2-elf/lib\libc.a(lib_a-fflush.o)
 .debug_aranges
                0x0000000000000698       0x68 c:/intelfpga_lite/18.0/nios2eds/bin/gnu/h-x86_64-mingw32/bin/../lib/gcc/nios2-elf/5.3.0/../../../../../H-x86_64-mingw32/nios2-elf/lib\libc.a(lib_a-findfp.o)
 .debug_aranges
                0x0000000000000700       0x28 c:/intelfpga_lite/18.0/nios2eds/bin/gnu/h-x86_64-mingw32/bin/../lib/gcc/nios2-elf/5.3.0/../../../../../H-x86_64-mingw32/nios2-elf/lib\libc.a(lib_a-freer.o)
 .debug_aranges
                0x0000000000000728       0x28 c:/intelfpga_lite/18.0/nios2eds/bin/gnu/h-x86_64-mingw32/bin/../lib/gcc/nios2-elf/5.3.0/../../../../../H-x86_64-mingw32/nios2-elf/lib\libc.a(lib_a-fwalk.o)
 .debug_aranges
                0x0000000000000750       0x20 c:/intelfpga_lite/18.0/nios2eds/bin/gnu/h-x86_64-mingw32/bin/../lib/gcc/nios2-elf/5.3.0/../../../../../H-x86_64-mingw32/nios2-elf/lib\libc.a(lib_a-makebuf.o)
 .debug_aranges
                0x0000000000000770       0x20 c:/intelfpga_lite/18.0/nios2eds/bin/gnu/h-x86_64-mingw32/bin/../lib/gcc/nios2-elf/5.3.0/../../../../../H-x86_64-mingw32/nios2-elf/lib\libc.a(lib_a-mallocr.o)
 .debug_aranges
                0x0000000000000790       0x20 c:/intelfpga_lite/18.0/nios2eds/bin/gnu/h-x86_64-mingw32/bin/../lib/gcc/nios2-elf/5.3.0/../../../../../H-x86_64-mingw32/nios2-elf/lib\libc.a(lib_a-memset.o)
 .debug_aranges
                0x00000000000007b0       0x20 c:/intelfpga_lite/18.0/nios2eds/bin/gnu/h-x86_64-mingw32/bin/../lib/gcc/nios2-elf/5.3.0/../../../../../H-x86_64-mingw32/nios2-elf/lib\libc.a(lib_a-sbrkr.o)
 .debug_aranges
                0x00000000000007d0       0x40 c:/intelfpga_lite/18.0/nios2eds/bin/gnu/h-x86_64-mingw32/bin/../lib/gcc/nios2-elf/5.3.0/../../../../../H-x86_64-mingw32/nios2-elf/lib\libc.a(lib_a-stdio.o)
 .debug_aranges
                0x0000000000000810       0x20 c:/intelfpga_lite/18.0/nios2eds/bin/gnu/h-x86_64-mingw32/bin/../lib/gcc/nios2-elf/5.3.0/../../../../../H-x86_64-mingw32/nios2-elf/lib\libc.a(lib_a-writer.o)
 .debug_aranges
                0x0000000000000830       0x20 c:/intelfpga_lite/18.0/nios2eds/bin/gnu/h-x86_64-mingw32/bin/../lib/gcc/nios2-elf/5.3.0/../../../../../H-x86_64-mingw32/nios2-elf/lib\libc.a(closer.o)
 .debug_aranges
                0x0000000000000850       0x28 c:/intelfpga_lite/18.0/nios2eds/bin/gnu/h-x86_64-mingw32/bin/../lib/gcc/nios2-elf/5.3.0/../../../../../H-x86_64-mingw32/nios2-elf/lib\libc.a(lib_a-fclose.o)
 .debug_aranges
                0x0000000000000878       0x20 c:/intelfpga_lite/18.0/nios2eds/bin/gnu/h-x86_64-mingw32/bin/../lib/gcc/nios2-elf/5.3.0/../../../../../H-x86_64-mingw32/nios2-elf/lib\libc.a(lib_a-fstatr.o)
 .debug_aranges
                0x0000000000000898       0x20 c:/intelfpga_lite/18.0/nios2eds/bin/gnu/h-x86_64-mingw32/bin/../lib/gcc/nios2-elf/5.3.0/../../../../../H-x86_64-mingw32/nios2-elf/lib\libc.a(lib_a-isattyr.o)
 .debug_aranges
                0x00000000000008b8       0x20 c:/intelfpga_lite/18.0/nios2eds/bin/gnu/h-x86_64-mingw32/bin/../lib/gcc/nios2-elf/5.3.0/../../../../../H-x86_64-mingw32/nios2-elf/lib\libc.a(lib_a-lseekr.o)
 .debug_aranges
                0x00000000000008d8       0x20 c:/intelfpga_lite/18.0/nios2eds/bin/gnu/h-x86_64-mingw32/bin/../lib/gcc/nios2-elf/5.3.0/../../../../../H-x86_64-mingw32/nios2-elf/lib\libc.a(lib_a-readr.o)
 .debug_aranges
                0x00000000000008f8       0x20 ../skribblnios_sw_bsp/\libhal_bsp.a(alt_exit.o)
 .debug_aranges
                0x0000000000000918       0x20 ../skribblnios_sw_bsp/\libhal_bsp.a(alt_fstat.o)
 .debug_aranges
                0x0000000000000938       0x20 ../skribblnios_sw_bsp/\libhal_bsp.a(alt_isatty.o)
 .debug_aranges
                0x0000000000000958       0x20 ../skribblnios_sw_bsp/\libhal_bsp.a(alt_lseek.o)
 .debug_aranges
                0x0000000000000978       0x20 ../skribblnios_sw_bsp/\libhal_bsp.a(alt_malloc_lock.o)
 .debug_aranges
                0x0000000000000998       0x20 ../skribblnios_sw_bsp/\libhal_bsp.a(alt_read.o)
 .debug_aranges
                0x00000000000009b8       0x20 ../skribblnios_sw_bsp/\libhal_bsp.a(alt_sbrk.o)
 .debug_aranges
                0x00000000000009d8       0x20 ../skribblnios_sw_bsp/\libhal_bsp.a(alt_write.o)

.debug_pubnames
 *(.debug_pubnames)

.debug_info     0x0000000000000000    0x16200
 *(.debug_info .gnu.linkonce.wi.*)
 .debug_info    0x0000000000000000       0x9a ../skribblnios_sw_bsp//obj/HAL/src/crt0.o
 .debug_info    0x000000000000009a      0x3a2 obj/default/skribblmain.o
 .debug_info    0x000000000000043c      0x145 ../skribblnios_sw_bsp/\libhal_bsp.a(alt_load.o)
 .debug_info    0x0000000000000581      0x157 ../skribblnios_sw_bsp/\libhal_bsp.a(alt_main.o)
 .debug_info    0x00000000000006d8      0x119 ../skribblnios_sw_bsp/\libhal_bsp.a(alt_printf.o)
 .debug_info    0x00000000000007f1      0x8a6 ../skribblnios_sw_bsp/\libhal_bsp.a(alt_putchar.o)
 .debug_info    0x0000000000001097      0x530 ../skribblnios_sw_bsp/\libhal_bsp.a(alt_sys_init.o)
 .debug_info    0x00000000000015c7      0x52e ../skribblnios_sw_bsp/\libhal_bsp.a(altera_avalon_jtag_uart_fd.o)
 .debug_info    0x0000000000001af5      0x3c3 ../skribblnios_sw_bsp/\libhal_bsp.a(altera_avalon_jtag_uart_init.o)
 .debug_info    0x0000000000001eb8      0x280 ../skribblnios_sw_bsp/\libhal_bsp.a(altera_avalon_jtag_uart_ioctl.o)
 .debug_info    0x0000000000002138      0x35b ../skribblnios_sw_bsp/\libhal_bsp.a(altera_avalon_jtag_uart_read.o)
 .debug_info    0x0000000000002493      0x356 ../skribblnios_sw_bsp/\libhal_bsp.a(altera_avalon_jtag_uart_write.o)
 .debug_info    0x00000000000027e9      0x249 ../skribblnios_sw_bsp/\libhal_bsp.a(altera_avalon_timer_sc.o)
 .debug_info    0x0000000000002a32      0x469 ../skribblnios_sw_bsp/\libhal_bsp.a(altera_up_avalon_accelerometer_spi.o)
 .debug_info    0x0000000000002e9b      0x2e2 ../skribblnios_sw_bsp/\libhal_bsp.a(alt_alarm_start.o)
 .debug_info    0x000000000000317d      0x321 ../skribblnios_sw_bsp/\libhal_bsp.a(alt_close.o)
 .debug_info    0x000000000000349e       0xa5 ../skribblnios_sw_bsp/\libhal_bsp.a(alt_dcache_flush_all.o)
 .debug_info    0x0000000000003543      0x49c ../skribblnios_sw_bsp/\libhal_bsp.a(alt_dev.o)
 .debug_info    0x00000000000039df      0x1a9 ../skribblnios_sw_bsp/\libhal_bsp.a(alt_dev_llist_insert.o)
 .debug_info    0x0000000000003b88       0x83 ../skribblnios_sw_bsp/\libhal_bsp.a(alt_do_ctors.o)
 .debug_info    0x0000000000003c0b       0x83 ../skribblnios_sw_bsp/\libhal_bsp.a(alt_do_dtors.o)
 .debug_info    0x0000000000003c8e       0xa6 ../skribblnios_sw_bsp/\libhal_bsp.a(alt_errno.o)
 .debug_info    0x0000000000003d34      0x2e9 ../skribblnios_sw_bsp/\libhal_bsp.a(alt_find_dev.o)
 .debug_info    0x000000000000401d       0x92 ../skribblnios_sw_bsp/\libhal_bsp.a(alt_icache_flush_all.o)
 .debug_info    0x00000000000040af      0x4a5 ../skribblnios_sw_bsp/\libhal_bsp.a(alt_io_redirect.o)
 .debug_info    0x0000000000004554      0x329 ../skribblnios_sw_bsp/\libhal_bsp.a(alt_irq_register.o)
 .debug_info    0x000000000000487d       0x88 ../skribblnios_sw_bsp/\libhal_bsp.a(alt_irq_vars.o)
 .debug_info    0x0000000000004905      0x3bb ../skribblnios_sw_bsp/\libhal_bsp.a(alt_open.o)
 .debug_info    0x0000000000004cc0      0x2b0 ../skribblnios_sw_bsp/\libhal_bsp.a(alt_release_fd.o)
 .debug_info    0x0000000000004f70      0x2af ../skribblnios_sw_bsp/\libhal_bsp.a(alt_tick.o)
 .debug_info    0x000000000000521f       0xb8 ../skribblnios_sw_bsp/\libhal_bsp.a(altera_nios2_gen2_irq.o)
 .debug_info    0x00000000000052d7      0x2e6 ../skribblnios_sw_bsp/\libhal_bsp.a(alt_find_file.o)
 .debug_info    0x00000000000055bd      0x310 ../skribblnios_sw_bsp/\libhal_bsp.a(alt_get_fd.o)
 .debug_info    0x00000000000058cd       0xdc ../skribblnios_sw_bsp/\libhal_bsp.a(alt_icache_flush.o)
 .debug_info    0x00000000000059a9       0xa3 ../skribblnios_sw_bsp/\libhal_bsp.a(alt_irq_entry.o)
 .debug_info    0x0000000000005a4c      0x1a7 ../skribblnios_sw_bsp/\libhal_bsp.a(alt_irq_handler.o)
 .debug_info    0x0000000000005bf3       0xa9 ../skribblnios_sw_bsp/\libhal_bsp.a(alt_exception_entry.o)
 .debug_info    0x0000000000005c9c      0x1e7 ../skribblnios_sw_bsp/\libhal_bsp.a(alt_instruction_exception_entry.o)
 .debug_info    0x0000000000005e83       0xfe c:/intelfpga_lite/18.0/nios2eds/bin/gnu/h-x86_64-mingw32/bin/../lib/gcc/nios2-elf/5.3.0/../../../../../H-x86_64-mingw32/nios2-elf/lib\libc.a(lib_a-atexit.o)
 .debug_info    0x0000000000005f81      0x8e4 c:/intelfpga_lite/18.0/nios2eds/bin/gnu/h-x86_64-mingw32/bin/../lib/gcc/nios2-elf/5.3.0/../../../../../H-x86_64-mingw32/nios2-elf/lib\libc.a(lib_a-exit.o)
 .debug_info    0x0000000000006865      0x8a1 c:/intelfpga_lite/18.0/nios2eds/bin/gnu/h-x86_64-mingw32/bin/../lib/gcc/nios2-elf/5.3.0/../../../../../H-x86_64-mingw32/nios2-elf/lib\libc.a(lib_a-impure.o)
 .debug_info    0x0000000000007106       0x8a c:/intelfpga_lite/18.0/nios2eds/bin/gnu/h-x86_64-mingw32/bin/../lib/gcc/nios2-elf/5.3.0/../../../../../H-x86_64-mingw32/nios2-elf/lib\libc.a(lib_a-int_errno.o)
 .debug_info    0x0000000000007190      0x11a c:/intelfpga_lite/18.0/nios2eds/bin/gnu/h-x86_64-mingw32/bin/../lib/gcc/nios2-elf/5.3.0/../../../../../H-x86_64-mingw32/nios2-elf/lib\libc.a(lib_a-memcmp.o)
 .debug_info    0x00000000000072aa      0x144 c:/intelfpga_lite/18.0/nios2eds/bin/gnu/h-x86_64-mingw32/bin/../lib/gcc/nios2-elf/5.3.0/../../../../../H-x86_64-mingw32/nios2-elf/lib\libc.a(lib_a-memcpy.o)
 .debug_info    0x00000000000073ee      0x9b4 c:/intelfpga_lite/18.0/nios2eds/bin/gnu/h-x86_64-mingw32/bin/../lib/gcc/nios2-elf/5.3.0/../../../../../H-x86_64-mingw32/nios2-elf/lib\libc.a(lib_a-putc.o)
 .debug_info    0x0000000000007da2       0xe2 c:/intelfpga_lite/18.0/nios2eds/bin/gnu/h-x86_64-mingw32/bin/../lib/gcc/nios2-elf/5.3.0/../../../../../H-x86_64-mingw32/nios2-elf/lib\libc.a(lib_a-strlen.o)
 .debug_info    0x0000000000007e84      0x9be c:/intelfpga_lite/18.0/nios2eds/bin/gnu/h-x86_64-mingw32/bin/../lib/gcc/nios2-elf/5.3.0/../../../../../H-x86_64-mingw32/nios2-elf/lib\libc.a(lib_a-wbuf.o)
 .debug_info    0x0000000000008842      0x936 c:/intelfpga_lite/18.0/nios2eds/bin/gnu/h-x86_64-mingw32/bin/../lib/gcc/nios2-elf/5.3.0/../../../../../H-x86_64-mingw32/nios2-elf/lib\libc.a(lib_a-wsetup.o)
 .debug_info    0x0000000000009178      0x934 c:/intelfpga_lite/18.0/nios2eds/bin/gnu/h-x86_64-mingw32/bin/../lib/gcc/nios2-elf/5.3.0/../../../../../H-x86_64-mingw32/nios2-elf/lib\libc.a(lib_a-__atexit.o)
 .debug_info    0x0000000000009aac      0x965 c:/intelfpga_lite/18.0/nios2eds/bin/gnu/h-x86_64-mingw32/bin/../lib/gcc/nios2-elf/5.3.0/../../../../../H-x86_64-mingw32/nios2-elf/lib\libc.a(lib_a-__call_atexit.o)
 .debug_info    0x000000000000a411      0xa93 c:/intelfpga_lite/18.0/nios2eds/bin/gnu/h-x86_64-mingw32/bin/../lib/gcc/nios2-elf/5.3.0/../../../../../H-x86_64-mingw32/nios2-elf/lib\libc.a(lib_a-fflush.o)
 .debug_info    0x000000000000aea4      0xd37 c:/intelfpga_lite/18.0/nios2eds/bin/gnu/h-x86_64-mingw32/bin/../lib/gcc/nios2-elf/5.3.0/../../../../../H-x86_64-mingw32/nios2-elf/lib\libc.a(lib_a-findfp.o)
 .debug_info    0x000000000000bbdb      0xbf7 c:/intelfpga_lite/18.0/nios2eds/bin/gnu/h-x86_64-mingw32/bin/../lib/gcc/nios2-elf/5.3.0/../../../../../H-x86_64-mingw32/nios2-elf/lib\libc.a(lib_a-freer.o)
 .debug_info    0x000000000000c7d2      0x9b0 c:/intelfpga_lite/18.0/nios2eds/bin/gnu/h-x86_64-mingw32/bin/../lib/gcc/nios2-elf/5.3.0/../../../../../H-x86_64-mingw32/nios2-elf/lib\libc.a(lib_a-fwalk.o)
 .debug_info    0x000000000000d182      0xad8 c:/intelfpga_lite/18.0/nios2eds/bin/gnu/h-x86_64-mingw32/bin/../lib/gcc/nios2-elf/5.3.0/../../../../../H-x86_64-mingw32/nios2-elf/lib\libc.a(lib_a-makebuf.o)
 .debug_info    0x000000000000dc5a      0xd57 c:/intelfpga_lite/18.0/nios2eds/bin/gnu/h-x86_64-mingw32/bin/../lib/gcc/nios2-elf/5.3.0/../../../../../H-x86_64-mingw32/nios2-elf/lib\libc.a(lib_a-mallocr.o)
 .debug_info    0x000000000000e9b1      0x121 c:/intelfpga_lite/18.0/nios2eds/bin/gnu/h-x86_64-mingw32/bin/../lib/gcc/nios2-elf/5.3.0/../../../../../H-x86_64-mingw32/nios2-elf/lib\libc.a(lib_a-memset.o)
 .debug_info    0x000000000000ead2      0x900 c:/intelfpga_lite/18.0/nios2eds/bin/gnu/h-x86_64-mingw32/bin/../lib/gcc/nios2-elf/5.3.0/../../../../../H-x86_64-mingw32/nios2-elf/lib\libc.a(lib_a-sbrkr.o)